Feb 05 03:07:04 kali kernel: Linux version 6.16.8+kali-amd64 (devel@kali.org) (x86_64-linux-gnu-gcc-14 (Debian 14.3.0-8) 14.3.0, GNU ld (GNU Binutils for Debian) 2.45) #1 SMP PREEMPT_DYNAMIC Kali 6.16.8-1kali1 (2025-09-24)
Feb 05 03:07:04 kali kernel: Command line: BOOT_IMAGE=/boot/vmlinuz-6.16.8+kali-amd64 root=UUID=24746b7e-1f26-43a7-8603-f350675beb65 ro quiet splash
Feb 05 03:07:04 kali kernel: BIOS-provided physical RAM map:
Feb 05 03:07:04 kali kernel: BIOS-e820: [mem 0x0000000000000000-0x000000000009f3ff] usable
Feb 05 03:07:04 kali kernel: BIOS-e820: [mem 0x000000000009f400-0x000000000009ffff] reserved
Feb 05 03:07:04 kali kernel: BIOS-e820: [mem 0x00000000000dc000-0x00000000000fffff] reserved
Feb 05 03:07:04 kali kernel: BIOS-e820: [mem 0x0000000000100000-0x000000007fedffff] usable
Feb 05 03:07:04 kali kernel: BIOS-e820: [mem 0x000000007fee0000-0x000000007fefefff] ACPI data
Feb 05 03:07:04 kali kernel: BIOS-e820: [mem 0x000000007feff000-0x000000007fefffff] ACPI NVS
Feb 05 03:07:04 kali kernel: BIOS-e820: [mem 0x000000007ff00000-0x000000007fffffff] usable
Feb 05 03:07:04 kali kernel: BIOS-e820: [mem 0x00000000f0000000-0x00000000f7ffffff] reserved
Feb 05 03:07:04 kali kernel: BIOS-e820: [mem 0x00000000fec00000-0x00000000fec0ffff] reserved
Feb 05 03:07:04 kali kernel: BIOS-e820: [mem 0x00000000fee00000-0x00000000fee00fff] reserved
Feb 05 03:07:04 kali kernel: BIOS-e820: [mem 0x00000000fffe0000-0x00000000ffffffff] reserved
Feb 05 03:07:04 kali kernel: NX (Execute Disable) protection: active
Feb 05 03:07:04 kali kernel: APIC: Static calls initialized
Feb 05 03:07:04 kali kernel: SMBIOS 2.4 present.
Feb 05 03:07:04 kali kernel: DMI: VMware, Inc. VMware Virtual Platform/440BX Desktop Reference Platform, BIOS 6.00 11/12/2020
Feb 05 03:07:04 kali kernel: DMI: Memory slots populated: 1/128
Feb 05 03:07:04 kali kernel: vmware: hypercall mode: 0x00
Feb 05 03:07:04 kali kernel: Hypervisor detected: VMware
Feb 05 03:07:04 kali kernel: vmware: TSC freq read from hypervisor : 2994.382 MHz
Feb 05 03:07:04 kali kernel: vmware: Host bus clock speed read from hypervisor : 66000000 Hz
Feb 05 03:07:04 kali kernel: vmware: using clock offset of 12748137890 ns
Feb 05 03:07:04 kali kernel: tsc: Detected 2994.382 MHz processor
Feb 05 03:07:04 kali kernel: e820: update [mem 0x00000000-0x00000fff] usable ==> reserved
Feb 05 03:07:04 kali kernel: e820: remove [mem 0x000a0000-0x000fffff] usable
Feb 05 03:07:04 kali kernel: last_pfn = 0x80000 max_arch_pfn = 0x400000000
Feb 05 03:07:04 kali kernel: MTRR map: 7 entries (5 fixed + 2 variable; max 21), built from 8 variable MTRRs
Feb 05 03:07:04 kali kernel: x86/PAT: Configuration [0-7]: WB  WC  UC- UC  WB  WP  UC- WT  
Feb 05 03:07:04 kali kernel: found SMP MP-table at [mem 0x000f6a70-0x000f6a7f]
Feb 05 03:07:04 kali kernel: RAMDISK: [mem 0x1f5c7000-0x2badafff]
Feb 05 03:07:04 kali kernel: ACPI: Early table checksum verification disabled
Feb 05 03:07:04 kali kernel: ACPI: RSDP 0x00000000000F6A00 000024 (v02 PTLTD )
Feb 05 03:07:04 kali kernel: ACPI: XSDT 0x000000007FEEDA02 00005C (v01 INTEL  440BX    06040000 VMW  01324272)
Feb 05 03:07:04 kali kernel: ACPI: FACP 0x000000007FEFEE73 0000F4 (v04 INTEL  440BX    06040000 PTL  000F4240)
Feb 05 03:07:04 kali kernel: ACPI: DSDT 0x000000007FEEE009 010E6A (v01 PTLTD  Custom   06040000 MSFT 03000001)
Feb 05 03:07:04 kali kernel: ACPI: FACS 0x000000007FEFFFC0 000040
Feb 05 03:07:04 kali kernel: ACPI: FACS 0x000000007FEFFFC0 000040
Feb 05 03:07:04 kali kernel: ACPI: BOOT 0x000000007FEEDFBC 000028 (v01 PTLTD  $SBFTBL$ 06040000  LTP 00000001)
Feb 05 03:07:04 kali kernel: ACPI: APIC 0x000000007FEEDDBA 000202 (v01 PTLTD  ? APIC   06040000  LTP 00000000)
Feb 05 03:07:04 kali kernel: ACPI: MCFG 0x000000007FEEDD7E 00003C (v01 PTLTD  $PCITBL$ 06040000  LTP 00000001)
Feb 05 03:07:04 kali kernel: ACPI: SRAT 0x000000007FEEDAFE 000280 (v02 VMWARE MEMPLUG  06040000 VMW  00000001)
Feb 05 03:07:04 kali kernel: ACPI: HPET 0x000000007FEEDAC6 000038 (v01 VMWARE VMW HPET 06040000 VMW  00000001)
Feb 05 03:07:04 kali kernel: ACPI: WAET 0x000000007FEEDA9E 000028 (v01 VMWARE VMW WAET 06040000 VMW  00000001)
Feb 05 03:07:04 kali kernel: ACPI: Reserving FACP table memory at [mem 0x7fefee73-0x7fefef66]
Feb 05 03:07:04 kali kernel: ACPI: Reserving DSDT table memory at [mem 0x7feee009-0x7fefee72]
Feb 05 03:07:04 kali kernel: ACPI: Reserving FACS table memory at [mem 0x7fefffc0-0x7fefffff]
Feb 05 03:07:04 kali kernel: ACPI: Reserving FACS table memory at [mem 0x7fefffc0-0x7fefffff]
Feb 05 03:07:04 kali kernel: ACPI: Reserving BOOT table memory at [mem 0x7feedfbc-0x7feedfe3]
Feb 05 03:07:04 kali kernel: ACPI: Reserving APIC table memory at [mem 0x7feeddba-0x7feedfbb]
Feb 05 03:07:04 kali kernel: ACPI: Reserving MCFG table memory at [mem 0x7feedd7e-0x7feeddb9]
Feb 05 03:07:04 kali kernel: ACPI: Reserving SRAT table memory at [mem 0x7feedafe-0x7feedd7d]
Feb 05 03:07:04 kali kernel: ACPI: Reserving HPET table memory at [mem 0x7feedac6-0x7feedafd]
Feb 05 03:07:04 kali kernel: ACPI: Reserving WAET table memory at [mem 0x7feeda9e-0x7feedac5]
Feb 05 03:07:04 kali kernel: ACPI: SRAT: Node 0 PXM 0 [mem 0x00000000-0x0009ffff]
Feb 05 03:07:04 kali kernel: ACPI: SRAT: Node 0 PXM 0 [mem 0x00100000-0x7fffffff]
Feb 05 03:07:04 kali kernel: NUMA: Node 0 [mem 0x00001000-0x0009ffff] + [mem 0x00100000-0x7fffffff] -> [mem 0x00001000-0x7fffffff]
Feb 05 03:07:04 kali kernel: NODE_DATA(0) allocated [mem 0x7ffd5500-0x7fffffff]
Feb 05 03:07:04 kali kernel: Zone ranges:
Feb 05 03:07:04 kali kernel:   DMA      [mem 0x0000000000001000-0x0000000000ffffff]
Feb 05 03:07:04 kali kernel:   DMA32    [mem 0x0000000001000000-0x000000007fffffff]
Feb 05 03:07:04 kali kernel:   Normal   empty
Feb 05 03:07:04 kali kernel:   Device   empty
Feb 05 03:07:04 kali kernel: Movable zone start for each node
Feb 05 03:07:04 kali kernel: Early memory node ranges
Feb 05 03:07:04 kali kernel:   node   0: [mem 0x0000000000001000-0x000000000009efff]
Feb 05 03:07:04 kali kernel:   node   0: [mem 0x0000000000100000-0x000000007fedffff]
Feb 05 03:07:04 kali kernel:   node   0: [mem 0x000000007ff00000-0x000000007fffffff]
Feb 05 03:07:04 kali kernel: Initmem setup node 0 [mem 0x0000000000001000-0x000000007fffffff]
Feb 05 03:07:04 kali kernel: On node 0, zone DMA: 1 pages in unavailable ranges
Feb 05 03:07:04 kali kernel: On node 0, zone DMA: 97 pages in unavailable ranges
Feb 05 03:07:04 kali kernel: On node 0, zone DMA32: 32 pages in unavailable ranges
Feb 05 03:07:04 kali kernel: ACPI: PM-Timer IO Port: 0x1008
Feb 05 03:07:04 kali kernel: ACPI: LAPIC_NMI (acpi_id[0x00] high edge lint[0x1])
Feb 05 03:07:04 kali kernel: ACPI: LAPIC_NMI (acpi_id[0x01] high edge lint[0x1])
Feb 05 03:07:04 kali kernel: ACPI: LAPIC_NMI (acpi_id[0x02] high edge lint[0x1])
Feb 05 03:07:04 kali kernel: ACPI: LAPIC_NMI (acpi_id[0x03] high edge lint[0x1])
Feb 05 03:07:04 kali kernel: ACPI: LAPIC_NMI (acpi_id[0x04] high edge lint[0x1])
Feb 05 03:07:04 kali kernel: ACPI: LAPIC_NMI (acpi_id[0x05] high edge lint[0x1])
Feb 05 03:07:04 kali kernel: ACPI: LAPIC_NMI (acpi_id[0x06] high edge lint[0x1])
Feb 05 03:07:04 kali kernel: ACPI: LAPIC_NMI (acpi_id[0x07] high edge lint[0x1])
Feb 05 03:07:04 kali kernel: ACPI: LAPIC_NMI (acpi_id[0x08] high edge lint[0x1])
Feb 05 03:07:04 kali kernel: ACPI: LAPIC_NMI (acpi_id[0x09] high edge lint[0x1])
Feb 05 03:07:04 kali kernel: ACPI: LAPIC_NMI (acpi_id[0x0a] high edge lint[0x1])
Feb 05 03:07:04 kali kernel: ACPI: LAPIC_NMI (acpi_id[0x0b] high edge lint[0x1])
Feb 05 03:07:04 kali kernel: ACPI: LAPIC_NMI (acpi_id[0x0c] high edge lint[0x1])
Feb 05 03:07:04 kali kernel: ACPI: LAPIC_NMI (acpi_id[0x0d] high edge lint[0x1])
Feb 05 03:07:04 kali kernel: ACPI: LAPIC_NMI (acpi_id[0x0e] high edge lint[0x1])
Feb 05 03:07:04 kali kernel: ACPI: LAPIC_NMI (acpi_id[0x0f] high edge lint[0x1])
Feb 05 03:07:04 kali kernel: ACPI: LAPIC_NMI (acpi_id[0x10] high edge lint[0x1])
Feb 05 03:07:04 kali kernel: ACPI: LAPIC_NMI (acpi_id[0x11] high edge lint[0x1])
Feb 05 03:07:04 kali kernel: ACPI: LAPIC_NMI (acpi_id[0x12] high edge lint[0x1])
Feb 05 03:07:04 kali kernel: ACPI: LAPIC_NMI (acpi_id[0x13] high edge lint[0x1])
Feb 05 03:07:04 kali kernel: ACPI: LAPIC_NMI (acpi_id[0x14] high edge lint[0x1])
Feb 05 03:07:04 kali kernel: ACPI: LAPIC_NMI (acpi_id[0x15] high edge lint[0x1])
Feb 05 03:07:04 kali kernel: ACPI: LAPIC_NMI (acpi_id[0x16] high edge lint[0x1])
Feb 05 03:07:04 kali kernel: ACPI: LAPIC_NMI (acpi_id[0x17] high edge lint[0x1])
Feb 05 03:07:04 kali kernel: ACPI: LAPIC_NMI (acpi_id[0x18] high edge lint[0x1])
Feb 05 03:07:04 kali kernel: ACPI: LAPIC_NMI (acpi_id[0x19] high edge lint[0x1])
Feb 05 03:07:04 kali kernel: ACPI: LAPIC_NMI (acpi_id[0x1a] high edge lint[0x1])
Feb 05 03:07:04 kali kernel: ACPI: LAPIC_NMI (acpi_id[0x1b] high edge lint[0x1])
Feb 05 03:07:04 kali kernel: ACPI: LAPIC_NMI (acpi_id[0x1c] high edge lint[0x1])
Feb 05 03:07:04 kali kernel: ACPI: LAPIC_NMI (acpi_id[0x1d] high edge lint[0x1])
Feb 05 03:07:04 kali kernel: ACPI: LAPIC_NMI (acpi_id[0x1e] high edge lint[0x1])
Feb 05 03:07:04 kali kernel: ACPI: LAPIC_NMI (acpi_id[0x1f] high edge lint[0x1])
Feb 05 03:07:04 kali kernel: IOAPIC[0]: apic_id 32, version 17, address 0xfec00000, GSI 0-23
Feb 05 03:07:04 kali kernel: ACPI: INT_SRC_OVR (bus 0 bus_irq 0 global_irq 2 high edge)
Feb 05 03:07:04 kali kernel: ACPI: Using ACPI (MADT) for SMP configuration information
Feb 05 03:07:04 kali kernel: ACPI: HPET id: 0x8086af01 base: 0xfed00000
Feb 05 03:07:04 kali kernel: CPU topo: Max. logical packages:  16
Feb 05 03:07:04 kali kernel: CPU topo: Max. logical dies:      16
Feb 05 03:07:04 kali kernel: CPU topo: Max. dies per package:   1
Feb 05 03:07:04 kali kernel: CPU topo: Max. threads per core:   1
Feb 05 03:07:04 kali kernel: CPU topo: Num. cores per package:     2
Feb 05 03:07:04 kali kernel: CPU topo: Num. threads per package:   2
Feb 05 03:07:04 kali kernel: CPU topo: Allowing 4 present CPUs plus 28 hotplug CPUs
Feb 05 03:07:04 kali kernel: PM: hibernation: Registered nosave memory: [mem 0x00000000-0x00000fff]
Feb 05 03:07:04 kali kernel: PM: hibernation: Registered nosave memory: [mem 0x0009f000-0x000fffff]
Feb 05 03:07:04 kali kernel: PM: hibernation: Registered nosave memory: [mem 0x7fee0000-0x7fefffff]
Feb 05 03:07:04 kali kernel: [mem 0x80000000-0xefffffff] available for PCI devices
Feb 05 03:07:04 kali kernel: Booting paravirtualized kernel on VMware hypervisor
Feb 05 03:07:04 kali kernel: clocksource: refined-jiffies: mask: 0xffffffff max_cycles: 0xffffffff, max_idle_ns: 7645519600211568 ns
Feb 05 03:07:04 kali kernel: setup_percpu: NR_CPUS:8192 nr_cpumask_bits:32 nr_cpu_ids:32 nr_node_ids:1
Feb 05 03:07:04 kali kernel: percpu: Embedded 62 pages/cpu s217088 r8192 d28672 u262144
Feb 05 03:07:04 kali kernel: pcpu-alloc: s217088 r8192 d28672 u262144 alloc=1*2097152
Feb 05 03:07:04 kali kernel: pcpu-alloc: [0] 00 01 02 03 04 05 06 07 [0] 08 09 10 11 12 13 14 15 
Feb 05 03:07:04 kali kernel: pcpu-alloc: [0] 16 17 18 19 20 21 22 23 [0] 24 25 26 27 28 29 30 31 
Feb 05 03:07:04 kali kernel: Kernel command line: BOOT_IMAGE=/boot/vmlinuz-6.16.8+kali-amd64 root=UUID=24746b7e-1f26-43a7-8603-f350675beb65 ro quiet splash
Feb 05 03:07:04 kali kernel: Unknown kernel command line parameters "splash BOOT_IMAGE=/boot/vmlinuz-6.16.8+kali-amd64", will be passed to user space.
Feb 05 03:07:04 kali kernel: printk: log_buf_len individual max cpu contribution: 4096 bytes
Feb 05 03:07:04 kali kernel: printk: log_buf_len total cpu_extra contributions: 126976 bytes
Feb 05 03:07:04 kali kernel: printk: log_buf_len min size: 131072 bytes
Feb 05 03:07:04 kali kernel: printk: log buffer data + meta data: 262144 + 917504 = 1179648 bytes
Feb 05 03:07:04 kali kernel: printk: early log buf free: 121976(93%)
Feb 05 03:07:04 kali kernel: Dentry cache hash table entries: 262144 (order: 9, 2097152 bytes, linear)
Feb 05 03:07:04 kali kernel: Inode-cache hash table entries: 131072 (order: 8, 1048576 bytes, linear)
Feb 05 03:07:04 kali kernel: Fallback order for Node 0: 0 
Feb 05 03:07:04 kali kernel: Built 1 zonelists, mobility grouping on.  Total pages: 524158
Feb 05 03:07:04 kali kernel: Policy zone: DMA32
Feb 05 03:07:04 kali kernel: mem auto-init: stack:all(zero), heap alloc:on, heap free:off
Feb 05 03:07:04 kali kernel: SLUB: HWalign=64, Order=0-3, MinObjects=0, CPUs=32, Nodes=1
Feb 05 03:07:04 kali kernel: ftrace: allocating 46385 entries in 184 pages
Feb 05 03:07:04 kali kernel: ftrace: allocated 184 pages with 4 groups
Feb 05 03:07:04 kali kernel: Dynamic Preempt: lazy
Feb 05 03:07:04 kali kernel: rcu: Preemptible hierarchical RCU implementation.
Feb 05 03:07:04 kali kernel: rcu:         RCU restricting CPUs from NR_CPUS=8192 to nr_cpu_ids=32.
Feb 05 03:07:04 kali kernel:         Trampoline variant of Tasks RCU enabled.
Feb 05 03:07:04 kali kernel:         Rude variant of Tasks RCU enabled.
Feb 05 03:07:04 kali kernel:         Tracing variant of Tasks RCU enabled.
Feb 05 03:07:04 kali kernel: rcu: RCU calculated value of scheduler-enlistment delay is 25 jiffies.
Feb 05 03:07:04 kali kernel: rcu: Adjusting geometry for rcu_fanout_leaf=16, nr_cpu_ids=32
Feb 05 03:07:04 kali kernel: RCU Tasks: Setting shift to 5 and lim to 1 rcu_task_cb_adjust=1 rcu_task_cpu_ids=32.
Feb 05 03:07:04 kali kernel: RCU Tasks Rude: Setting shift to 5 and lim to 1 rcu_task_cb_adjust=1 rcu_task_cpu_ids=32.
Feb 05 03:07:04 kali kernel: RCU Tasks Trace: Setting shift to 5 and lim to 1 rcu_task_cb_adjust=1 rcu_task_cpu_ids=32.
Feb 05 03:07:04 kali kernel: NR_IRQS: 524544, nr_irqs: 680, preallocated irqs: 16
Feb 05 03:07:04 kali kernel: rcu: srcu_init: Setting srcu_struct sizes based on contention.
Feb 05 03:07:04 kali kernel: Console: colour VGA+ 80x25
Feb 05 03:07:04 kali kernel: printk: legacy console [tty0] enabled
Feb 05 03:07:04 kali kernel: ACPI: Core revision 20250404
Feb 05 03:07:04 kali kernel: clocksource: hpet: mask: 0xffffffff max_cycles: 0xffffffff, max_idle_ns: 133484882848 ns
Feb 05 03:07:04 kali kernel: APIC: Switch to symmetric I/O mode setup
Feb 05 03:07:04 kali kernel: ..TIMER: vector=0x30 apic1=0 pin1=2 apic2=-1 pin2=-1
Feb 05 03:07:04 kali kernel: clocksource: tsc-early: mask: 0xffffffffffffffff max_cycles: 0x2b298a459c4, max_idle_ns: 440795326359 ns
Feb 05 03:07:04 kali kernel: Calibrating delay loop (skipped) preset value.. 5988.76 BogoMIPS (lpj=11977528)
Feb 05 03:07:04 kali kernel: LVT offset 2 assigned for vector 0xf4
Feb 05 03:07:04 kali kernel: Last level iTLB entries: 4KB 1024, 2MB 1024, 4MB 512
Feb 05 03:07:04 kali kernel: Last level dTLB entries: 4KB 2048, 2MB 2048, 4MB 1024, 1GB 0
Feb 05 03:07:04 kali kernel: Speculative Store Bypass: Mitigation: Speculative Store Bypass disabled via prctl
Feb 05 03:07:04 kali kernel: Speculative Return Stack Overflow: IBPB-extending microcode not applied!
Feb 05 03:07:04 kali kernel: Speculative Return Stack Overflow: WARNING: See https://kernel.org/doc/html/latest/admin-guide/hw-vuln/srso.html for mitigation options.
Feb 05 03:07:04 kali kernel: Spectre V2 : Mitigation: Retpolines
Feb 05 03:07:04 kali kernel: RETBleed: Mitigation: untrained return thunk
Feb 05 03:07:04 kali kernel: Speculative Return Stack Overflow: Vulnerable: Safe RET, no microcode
Feb 05 03:07:04 kali kernel: Spectre V1 : Mitigation: usercopy/swapgs barriers and __user pointer sanitization
Feb 05 03:07:04 kali kernel: Spectre V2 : Spectre v2 / SpectreRSB: Filling RSB on context switch and VMEXIT
Feb 05 03:07:04 kali kernel: active return thunk: retbleed_return_thunk
Feb 05 03:07:04 kali kernel: active return thunk: srso_return_thunk
Feb 05 03:07:04 kali kernel: x86/fpu: Supporting XSAVE feature 0x001: 'x87 floating point registers'
Feb 05 03:07:04 kali kernel: x86/fpu: Supporting XSAVE feature 0x002: 'SSE registers'
Feb 05 03:07:04 kali kernel: x86/fpu: Supporting XSAVE feature 0x004: 'AVX registers'
Feb 05 03:07:04 kali kernel: x86/fpu: xstate_offset[2]:  576, xstate_sizes[2]:  256
Feb 05 03:07:04 kali kernel: x86/fpu: Enabled xstate features 0x7, context size is 832 bytes, using 'standard' format.
Feb 05 03:07:04 kali kernel: Freeing SMP alternatives memory: 44K
Feb 05 03:07:04 kali kernel: pid_max: default: 32768 minimum: 301
Feb 05 03:07:04 kali kernel: LSM: initializing lsm=lockdown,capability,landlock,yama,apparmor,tomoyo,bpf,ipe,ima,evm
Feb 05 03:07:04 kali kernel: landlock: Up and running.
Feb 05 03:07:04 kali kernel: Yama: disabled by default; enable with sysctl kernel.yama.*
Feb 05 03:07:04 kali kernel: AppArmor: AppArmor initialized
Feb 05 03:07:04 kali kernel: TOMOYO Linux initialized
Feb 05 03:07:04 kali kernel: LSM support for eBPF active
Feb 05 03:07:04 kali kernel: Mount-cache hash table entries: 4096 (order: 3, 32768 bytes, linear)
Feb 05 03:07:04 kali kernel: Mountpoint-cache hash table entries: 4096 (order: 3, 32768 bytes, linear)
Feb 05 03:07:04 kali kernel: smpboot: CPU0: AMD Ryzen 5 4600H with Radeon Graphics (family: 0x17, model: 0x60, stepping: 0x1)
Feb 05 03:07:04 kali kernel: Performance Events: AMD PMU driver.
Feb 05 03:07:04 kali kernel: ... version:                0
Feb 05 03:07:04 kali kernel: ... bit width:              48
Feb 05 03:07:04 kali kernel: ... generic registers:      4
Feb 05 03:07:04 kali kernel: ... value mask:             0000ffffffffffff
Feb 05 03:07:04 kali kernel: ... max period:             00007fffffffffff
Feb 05 03:07:04 kali kernel: ... fixed-purpose events:   0
Feb 05 03:07:04 kali kernel: ... event mask:             000000000000000f
Feb 05 03:07:04 kali kernel: signal: max sigframe size: 1776
Feb 05 03:07:04 kali kernel: rcu: Hierarchical SRCU implementation.
Feb 05 03:07:04 kali kernel: rcu:         Max phase no-delay instances is 1000.
Feb 05 03:07:04 kali kernel: Timer migration: 2 hierarchy levels; 8 children per group; 2 crossnode level
Feb 05 03:07:04 kali kernel: NMI watchdog: Enabled. Permanently consumes one hw-PMU counter.
Feb 05 03:07:04 kali kernel: smp: Bringing up secondary CPUs ...
Feb 05 03:07:04 kali kernel: smpboot: x86: Booting SMP configuration:
Feb 05 03:07:04 kali kernel: .... node  #0, CPUs:        #1  #2  #3
Feb 05 03:07:04 kali kernel: smp: Brought up 1 node, 4 CPUs
Feb 05 03:07:04 kali kernel: smpboot: Total of 4 processors activated (23955.05 BogoMIPS)
Feb 05 03:07:04 kali kernel: node 0 deferred pages initialised in 0ms
Feb 05 03:07:04 kali kernel: Memory: 1791152K/2096632K available (16707K kernel code, 3261K rwdata, 12292K rodata, 4364K init, 5652K bss, 299080K reserved, 0K cma-reserved)
Feb 05 03:07:04 kali kernel: devtmpfs: initialized
Feb 05 03:07:04 kali kernel: x86/mm: Memory block size: 128MB
Feb 05 03:07:04 kali kernel: ACPI: PM: Registering ACPI NVS region [mem 0x7feff000-0x7fefffff] (4096 bytes)
Feb 05 03:07:04 kali kernel: clocksource: jiffies: mask: 0xffffffff max_cycles: 0xffffffff, max_idle_ns: 7645041785100000 ns
Feb 05 03:07:04 kali kernel: posixtimers hash table entries: 16384 (order: 6, 262144 bytes, linear)
Feb 05 03:07:04 kali kernel: futex hash table entries: 8192 (524288 bytes on 1 NUMA nodes, total 512 KiB, linear).
Feb 05 03:07:04 kali kernel: pinctrl core: initialized pinctrl subsystem
Feb 05 03:07:04 kali kernel: NET: Registered PF_NETLINK/PF_ROUTE protocol family
Feb 05 03:07:04 kali kernel: DMA: preallocated 256 KiB GFP_KERNEL pool for atomic allocations
Feb 05 03:07:04 kali kernel: DMA: preallocated 256 KiB GFP_KERNEL|GFP_DMA pool for atomic allocations
Feb 05 03:07:04 kali kernel: DMA: preallocated 256 KiB GFP_KERNEL|GFP_DMA32 pool for atomic allocations
Feb 05 03:07:04 kali kernel: audit: initializing netlink subsys (disabled)
Feb 05 03:07:04 kali kernel: audit: type=2000 audit(1770278818.052:1): state=initialized audit_enabled=0 res=1
Feb 05 03:07:04 kali kernel: thermal_sys: Registered thermal governor 'fair_share'
Feb 05 03:07:04 kali kernel: thermal_sys: Registered thermal governor 'bang_bang'
Feb 05 03:07:04 kali kernel: thermal_sys: Registered thermal governor 'step_wise'
Feb 05 03:07:04 kali kernel: thermal_sys: Registered thermal governor 'user_space'
Feb 05 03:07:04 kali kernel: thermal_sys: Registered thermal governor 'power_allocator'
Feb 05 03:07:04 kali kernel: cpuidle: using governor ladder
Feb 05 03:07:04 kali kernel: cpuidle: using governor menu
Feb 05 03:07:04 kali kernel: Simple Boot Flag at 0x36 set to 0x80
Feb 05 03:07:04 kali kernel: acpiphp: ACPI Hot Plug PCI Controller Driver version: 0.5
Feb 05 03:07:04 kali kernel: PCI: ECAM [mem 0xf0000000-0xf7ffffff] (base 0xf0000000) for domain 0000 [bus 00-7f]
Feb 05 03:07:04 kali kernel: PCI: Using configuration type 1 for base access
Feb 05 03:07:04 kali kernel: kprobes: kprobe jump-optimization is enabled. All kprobes are optimized if possible.
Feb 05 03:07:04 kali kernel: HugeTLB: allocation took 0ms with hugepage_allocation_threads=1
Feb 05 03:07:04 kali kernel: HugeTLB: registered 2.00 MiB page size, pre-allocated 0 pages
Feb 05 03:07:04 kali kernel: HugeTLB: 28 KiB vmemmap can be freed for a 2.00 MiB page
Feb 05 03:07:04 kali kernel: ACPI: Added _OSI(Module Device)
Feb 05 03:07:04 kali kernel: ACPI: Added _OSI(Processor Device)
Feb 05 03:07:04 kali kernel: ACPI: Added _OSI(Processor Aggregator Device)
Feb 05 03:07:04 kali kernel: ACPI: 1 ACPI AML tables successfully acquired and loaded
Feb 05 03:07:04 kali kernel: ACPI: [Firmware Bug]: BIOS _OSI(Linux) query ignored
Feb 05 03:07:04 kali kernel: ACPI: Interpreter enabled
Feb 05 03:07:04 kali kernel: ACPI: PM: (supports S0 S1 S4 S5)
Feb 05 03:07:04 kali kernel: ACPI: Using IOAPIC for interrupt routing
Feb 05 03:07:04 kali kernel: PCI: Using host bridge windows from ACPI; if necessary, use "pci=nocrs" and report a bug
Feb 05 03:07:04 kali kernel: PCI: Using E820 reservations for host bridge windows
Feb 05 03:07:04 kali kernel: ACPI: Enabled 4 GPEs in block 00 to 0F
Feb 05 03:07:04 kali kernel: ACPI: PCI Root Bridge [PCI0] (domain 0000 [bus 00-7f])
Feb 05 03:07:04 kali kernel: acpi PNP0A03:00: _OSC: OS supports [ExtendedConfig ASPM ClockPM Segments MSI HPX-Type3]
Feb 05 03:07:04 kali kernel: acpi PNP0A03:00: _OSC: platform does not support [AER LTR]
Feb 05 03:07:04 kali kernel: acpi PNP0A03:00: _OSC: OS now controls [PCIeHotplug SHPCHotplug PME PCIeCapability]
Feb 05 03:07:04 kali kernel: PCI host bridge to bus 0000:00
Feb 05 03:07:04 kali kernel: pci_bus 0000:00: root bus resource [mem 0x000a0000-0x000bffff window]
Feb 05 03:07:04 kali kernel: pci_bus 0000:00: root bus resource [mem 0x000cc000-0x000dbfff window]
Feb 05 03:07:04 kali kernel: pci_bus 0000:00: root bus resource [mem 0x80000000-0xfebfffff window]
Feb 05 03:07:04 kali kernel: pci_bus 0000:00: root bus resource [io  0x0000-0x0cf7 window]
Feb 05 03:07:04 kali kernel: pci_bus 0000:00: root bus resource [io  0x0d00-0xfeff window]
Feb 05 03:07:04 kali kernel: pci_bus 0000:00: root bus resource [bus 00-7f]
Feb 05 03:07:04 kali kernel: pci 0000:00:00.0: [8086:7190] type 00 class 0x060000 conventional PCI endpoint
Feb 05 03:07:04 kali kernel: pci 0000:00:01.0: [8086:7191] type 01 class 0x060400 conventional PCI bridge
Feb 05 03:07:04 kali kernel: pci 0000:00:01.0: PCI bridge to [bus 01]
Feb 05 03:07:04 kali kernel: pci 0000:00:07.0: [8086:7110] type 00 class 0x060100 conventional PCI endpoint
Feb 05 03:07:04 kali kernel: pci 0000:00:07.1: [8086:7111] type 00 class 0x01018a conventional PCI endpoint
Feb 05 03:07:04 kali kernel: pci 0000:00:07.1: BAR 4 [io  0x1060-0x106f]
Feb 05 03:07:04 kali kernel: pci 0000:00:07.1: BAR 0 [io  0x01f0-0x01f7]: legacy IDE quirk
Feb 05 03:07:04 kali kernel: pci 0000:00:07.1: BAR 1 [io  0x03f6]: legacy IDE quirk
Feb 05 03:07:04 kali kernel: pci 0000:00:07.1: BAR 2 [io  0x0170-0x0177]: legacy IDE quirk
Feb 05 03:07:04 kali kernel: pci 0000:00:07.1: BAR 3 [io  0x0376]: legacy IDE quirk
Feb 05 03:07:04 kali kernel: pci 0000:00:07.3: [8086:7113] type 00 class 0x068000 conventional PCI endpoint
Feb 05 03:07:04 kali kernel: pci 0000:00:07.3: quirk: [io  0x1000-0x103f] claimed by PIIX4 ACPI
Feb 05 03:07:04 kali kernel: pci 0000:00:07.3: quirk: [io  0x1040-0x104f] claimed by PIIX4 SMB
Feb 05 03:07:04 kali kernel: pci 0000:00:07.7: [15ad:0740] type 00 class 0x088000 conventional PCI endpoint
Feb 05 03:07:04 kali kernel: pci 0000:00:07.7: BAR 0 [io  0x1080-0x10bf]
Feb 05 03:07:04 kali kernel: pci 0000:00:07.7: BAR 1 [mem 0xfebfe000-0xfebfffff 64bit]
Feb 05 03:07:04 kali kernel: pci 0000:00:0f.0: [15ad:0405] type 00 class 0x030000 conventional PCI endpoint
Feb 05 03:07:04 kali kernel: pci 0000:00:0f.0: BAR 0 [io  0x1070-0x107f]
Feb 05 03:07:04 kali kernel: pci 0000:00:0f.0: BAR 1 [mem 0xe8000000-0xefffffff pref]
Feb 05 03:07:04 kali kernel: pci 0000:00:0f.0: BAR 2 [mem 0xfe000000-0xfe7fffff]
Feb 05 03:07:04 kali kernel: pci 0000:00:0f.0: ROM [mem 0x00000000-0x00007fff pref]
Feb 05 03:07:04 kali kernel: pci 0000:00:0f.0: Video device with shadowed ROM at [mem 0x000c0000-0x000dffff]
Feb 05 03:07:04 kali kernel: pci 0000:00:10.0: [1000:0030] type 00 class 0x010000 conventional PCI endpoint
Feb 05 03:07:04 kali kernel: pci 0000:00:10.0: BAR 0 [io  0x1400-0x14ff]
Feb 05 03:07:04 kali kernel: pci 0000:00:10.0: BAR 1 [mem 0xfeba0000-0xfebbffff 64bit]
Feb 05 03:07:04 kali kernel: pci 0000:00:10.0: BAR 3 [mem 0xfebc0000-0xfebdffff 64bit]
Feb 05 03:07:04 kali kernel: pci 0000:00:10.0: ROM [mem 0x00000000-0x00003fff pref]
Feb 05 03:07:04 kali kernel: pci 0000:00:11.0: [15ad:0790] type 01 class 0x060401 conventional PCI bridge
Feb 05 03:07:04 kali kernel: pci 0000:00:11.0: PCI bridge to [bus 02] (subtractive decode)
Feb 05 03:07:04 kali kernel: pci 0000:00:11.0:   bridge window [io  0x2000-0x3fff]
Feb 05 03:07:04 kali kernel: pci 0000:00:11.0:   bridge window [mem 0xfd500000-0xfdffffff]
Feb 05 03:07:04 kali kernel: pci 0000:00:11.0:   bridge window [mem 0xe7b00000-0xe7ffffff 64bit pref]
Feb 05 03:07:04 kali kernel: pci 0000:00:15.0: [15ad:07a0] type 01 class 0x060400 PCIe Root Port
Feb 05 03:07:04 kali kernel: pci 0000:00:15.0: PCI bridge to [bus 03]
Feb 05 03:07:04 kali kernel: pci 0000:00:15.0:   bridge window [io  0x4000-0x4fff]
Feb 05 03:07:04 kali kernel: pci 0000:00:15.0:   bridge window [mem 0xfd400000-0xfd4fffff]
Feb 05 03:07:04 kali kernel: pci 0000:00:15.0:   bridge window [mem 0xe7a00000-0xe7afffff 64bit pref]
Feb 05 03:07:04 kali kernel: pci 0000:00:15.0: PME# supported from D0 D3hot D3cold
Feb 05 03:07:04 kali kernel: pci 0000:00:15.1: [15ad:07a0] type 01 class 0x060400 PCIe Root Port
Feb 05 03:07:04 kali kernel: pci 0000:00:15.1: PCI bridge to [bus 04]
Feb 05 03:07:04 kali kernel: pci 0000:00:15.1:   bridge window [io  0x8000-0x8fff]
Feb 05 03:07:04 kali kernel: pci 0000:00:15.1:   bridge window [mem 0xfd000000-0xfd0fffff]
Feb 05 03:07:04 kali kernel: pci 0000:00:15.1:   bridge window [mem 0xe7600000-0xe76fffff 64bit pref]
Feb 05 03:07:04 kali kernel: pci 0000:00:15.1: PME# supported from D0 D3hot D3cold
Feb 05 03:07:04 kali kernel: pci 0000:00:15.2: [15ad:07a0] type 01 class 0x060400 PCIe Root Port
Feb 05 03:07:04 kali kernel: pci 0000:00:15.2: PCI bridge to [bus 05]
Feb 05 03:07:04 kali kernel: pci 0000:00:15.2:   bridge window [io  0xc000-0xcfff]
Feb 05 03:07:04 kali kernel: pci 0000:00:15.2:   bridge window [mem 0xfcc00000-0xfccfffff]
Feb 05 03:07:04 kali kernel: pci 0000:00:15.2:   bridge window [mem 0xe7200000-0xe72fffff 64bit pref]
Feb 05 03:07:04 kali kernel: pci 0000:00:15.2: PME# supported from D0 D3hot D3cold
Feb 05 03:07:04 kali kernel: pci 0000:00:15.3: [15ad:07a0] type 01 class 0x060400 PCIe Root Port
Feb 05 03:07:04 kali kernel: pci 0000:00:15.3: PCI bridge to [bus 06]
Feb 05 03:07:04 kali kernel: pci 0000:00:15.3:   bridge window [mem 0xfc800000-0xfc8fffff]
Feb 05 03:07:04 kali kernel: pci 0000:00:15.3:   bridge window [mem 0xe6e00000-0xe6efffff 64bit pref]
Feb 05 03:07:04 kali kernel: pci 0000:00:15.3: PME# supported from D0 D3hot D3cold
Feb 05 03:07:04 kali kernel: pci 0000:00:15.4: [15ad:07a0] type 01 class 0x060400 PCIe Root Port
Feb 05 03:07:04 kali kernel: pci 0000:00:15.4: PCI bridge to [bus 07]
Feb 05 03:07:04 kali kernel: pci 0000:00:15.4:   bridge window [mem 0xfc400000-0xfc4fffff]
Feb 05 03:07:04 kali kernel: pci 0000:00:15.4:   bridge window [mem 0xe6a00000-0xe6afffff 64bit pref]
Feb 05 03:07:04 kali kernel: pci 0000:00:15.4: PME# supported from D0 D3hot D3cold
Feb 05 03:07:04 kali kernel: pci 0000:00:15.5: [15ad:07a0] type 01 class 0x060400 PCIe Root Port
Feb 05 03:07:04 kali kernel: pci 0000:00:15.5: PCI bridge to [bus 08]
Feb 05 03:07:04 kali kernel: pci 0000:00:15.5:   bridge window [mem 0xfc000000-0xfc0fffff]
Feb 05 03:07:04 kali kernel: pci 0000:00:15.5:   bridge window [mem 0xe6600000-0xe66fffff 64bit pref]
Feb 05 03:07:04 kali kernel: pci 0000:00:15.5: PME# supported from D0 D3hot D3cold
Feb 05 03:07:04 kali kernel: pci 0000:00:15.6: [15ad:07a0] type 01 class 0x060400 PCIe Root Port
Feb 05 03:07:04 kali kernel: pci 0000:00:15.6: PCI bridge to [bus 09]
Feb 05 03:07:04 kali kernel: pci 0000:00:15.6:   bridge window [mem 0xfbc00000-0xfbcfffff]
Feb 05 03:07:04 kali kernel: pci 0000:00:15.6:   bridge window [mem 0xe6200000-0xe62fffff 64bit pref]
Feb 05 03:07:04 kali kernel: pci 0000:00:15.6: PME# supported from D0 D3hot D3cold
Feb 05 03:07:04 kali kernel: pci 0000:00:15.7: [15ad:07a0] type 01 class 0x060400 PCIe Root Port
Feb 05 03:07:04 kali kernel: pci 0000:00:15.7: PCI bridge to [bus 0a]
Feb 05 03:07:04 kali kernel: pci 0000:00:15.7:   bridge window [mem 0xfb800000-0xfb8fffff]
Feb 05 03:07:04 kali kernel: pci 0000:00:15.7:   bridge window [mem 0xe5e00000-0xe5efffff 64bit pref]
Feb 05 03:07:04 kali kernel: pci 0000:00:15.7: PME# supported from D0 D3hot D3cold
Feb 05 03:07:04 kali kernel: pci 0000:00:16.0: [15ad:07a0] type 01 class 0x060400 PCIe Root Port
Feb 05 03:07:04 kali kernel: pci 0000:00:16.0: PCI bridge to [bus 0b]
Feb 05 03:07:04 kali kernel: pci 0000:00:16.0:   bridge window [io  0x5000-0x5fff]
Feb 05 03:07:04 kali kernel: pci 0000:00:16.0:   bridge window [mem 0xfd300000-0xfd3fffff]
Feb 05 03:07:04 kali kernel: pci 0000:00:16.0:   bridge window [mem 0xe7900000-0xe79fffff 64bit pref]
Feb 05 03:07:04 kali kernel: pci 0000:00:16.0: PME# supported from D0 D3hot D3cold
Feb 05 03:07:04 kali kernel: pci 0000:00:16.1: [15ad:07a0] type 01 class 0x060400 PCIe Root Port
Feb 05 03:07:04 kali kernel: pci 0000:00:16.1: PCI bridge to [bus 0c]
Feb 05 03:07:04 kali kernel: pci 0000:00:16.1:   bridge window [io  0x9000-0x9fff]
Feb 05 03:07:04 kali kernel: pci 0000:00:16.1:   bridge window [mem 0xfcf00000-0xfcffffff]
Feb 05 03:07:04 kali kernel: pci 0000:00:16.1:   bridge window [mem 0xe7500000-0xe75fffff 64bit pref]
Feb 05 03:07:04 kali kernel: pci 0000:00:16.1: PME# supported from D0 D3hot D3cold
Feb 05 03:07:04 kali kernel: pci 0000:00:16.2: [15ad:07a0] type 01 class 0x060400 PCIe Root Port
Feb 05 03:07:04 kali kernel: pci 0000:00:16.2: PCI bridge to [bus 0d]
Feb 05 03:07:04 kali kernel: pci 0000:00:16.2:   bridge window [io  0xd000-0xdfff]
Feb 05 03:07:04 kali kernel: pci 0000:00:16.2:   bridge window [mem 0xfcb00000-0xfcbfffff]
Feb 05 03:07:04 kali kernel: pci 0000:00:16.2:   bridge window [mem 0xe7100000-0xe71fffff 64bit pref]
Feb 05 03:07:04 kali kernel: pci 0000:00:16.2: PME# supported from D0 D3hot D3cold
Feb 05 03:07:04 kali kernel: pci 0000:00:16.3: [15ad:07a0] type 01 class 0x060400 PCIe Root Port
Feb 05 03:07:04 kali kernel: pci 0000:00:16.3: PCI bridge to [bus 0e]
Feb 05 03:07:04 kali kernel: pci 0000:00:16.3:   bridge window [mem 0xfc700000-0xfc7fffff]
Feb 05 03:07:04 kali kernel: pci 0000:00:16.3:   bridge window [mem 0xe6d00000-0xe6dfffff 64bit pref]
Feb 05 03:07:04 kali kernel: pci 0000:00:16.3: PME# supported from D0 D3hot D3cold
Feb 05 03:07:04 kali kernel: pci 0000:00:16.4: [15ad:07a0] type 01 class 0x060400 PCIe Root Port
Feb 05 03:07:04 kali kernel: pci 0000:00:16.4: PCI bridge to [bus 0f]
Feb 05 03:07:04 kali kernel: pci 0000:00:16.4:   bridge window [mem 0xfc300000-0xfc3fffff]
Feb 05 03:07:04 kali kernel: pci 0000:00:16.4:   bridge window [mem 0xe6900000-0xe69fffff 64bit pref]
Feb 05 03:07:04 kali kernel: pci 0000:00:16.4: PME# supported from D0 D3hot D3cold
Feb 05 03:07:04 kali kernel: pci 0000:00:16.5: [15ad:07a0] type 01 class 0x060400 PCIe Root Port
Feb 05 03:07:04 kali kernel: pci 0000:00:16.5: PCI bridge to [bus 10]
Feb 05 03:07:04 kali kernel: pci 0000:00:16.5:   bridge window [mem 0xfbf00000-0xfbffffff]
Feb 05 03:07:04 kali kernel: pci 0000:00:16.5:   bridge window [mem 0xe6500000-0xe65fffff 64bit pref]
Feb 05 03:07:04 kali kernel: pci 0000:00:16.5: PME# supported from D0 D3hot D3cold
Feb 05 03:07:04 kali kernel: pci 0000:00:16.6: [15ad:07a0] type 01 class 0x060400 PCIe Root Port
Feb 05 03:07:04 kali kernel: pci 0000:00:16.6: PCI bridge to [bus 11]
Feb 05 03:07:04 kali kernel: pci 0000:00:16.6:   bridge window [mem 0xfbb00000-0xfbbfffff]
Feb 05 03:07:04 kali kernel: pci 0000:00:16.6:   bridge window [mem 0xe6100000-0xe61fffff 64bit pref]
Feb 05 03:07:04 kali kernel: pci 0000:00:16.6: PME# supported from D0 D3hot D3cold
Feb 05 03:07:04 kali kernel: pci 0000:00:16.7: [15ad:07a0] type 01 class 0x060400 PCIe Root Port
Feb 05 03:07:04 kali kernel: pci 0000:00:16.7: PCI bridge to [bus 12]
Feb 05 03:07:04 kali kernel: pci 0000:00:16.7:   bridge window [mem 0xfb700000-0xfb7fffff]
Feb 05 03:07:04 kali kernel: pci 0000:00:16.7:   bridge window [mem 0xe5d00000-0xe5dfffff 64bit pref]
Feb 05 03:07:04 kali kernel: pci 0000:00:16.7: PME# supported from D0 D3hot D3cold
Feb 05 03:07:04 kali kernel: pci 0000:00:17.0: [15ad:07a0] type 01 class 0x060400 PCIe Root Port
Feb 05 03:07:04 kali kernel: pci 0000:00:17.0: PCI bridge to [bus 13]
Feb 05 03:07:04 kali kernel: pci 0000:00:17.0:   bridge window [io  0x6000-0x6fff]
Feb 05 03:07:04 kali kernel: pci 0000:00:17.0:   bridge window [mem 0xfd200000-0xfd2fffff]
Feb 05 03:07:04 kali kernel: pci 0000:00:17.0:   bridge window [mem 0xe7800000-0xe78fffff 64bit pref]
Feb 05 03:07:04 kali kernel: pci 0000:00:17.0: PME# supported from D0 D3hot D3cold
Feb 05 03:07:04 kali kernel: pci 0000:00:17.1: [15ad:07a0] type 01 class 0x060400 PCIe Root Port
Feb 05 03:07:04 kali kernel: pci 0000:00:17.1: PCI bridge to [bus 14]
Feb 05 03:07:04 kali kernel: pci 0000:00:17.1:   bridge window [io  0xa000-0xafff]
Feb 05 03:07:04 kali kernel: pci 0000:00:17.1:   bridge window [mem 0xfce00000-0xfcefffff]
Feb 05 03:07:04 kali kernel: pci 0000:00:17.1:   bridge window [mem 0xe7400000-0xe74fffff 64bit pref]
Feb 05 03:07:04 kali kernel: pci 0000:00:17.1: PME# supported from D0 D3hot D3cold
Feb 05 03:07:04 kali kernel: pci 0000:00:17.2: [15ad:07a0] type 01 class 0x060400 PCIe Root Port
Feb 05 03:07:04 kali kernel: pci 0000:00:17.2: PCI bridge to [bus 15]
Feb 05 03:07:04 kali kernel: pci 0000:00:17.2:   bridge window [io  0xe000-0xefff]
Feb 05 03:07:04 kali kernel: pci 0000:00:17.2:   bridge window [mem 0xfca00000-0xfcafffff]
Feb 05 03:07:04 kali kernel: pci 0000:00:17.2:   bridge window [mem 0xe7000000-0xe70fffff 64bit pref]
Feb 05 03:07:04 kali kernel: pci 0000:00:17.2: PME# supported from D0 D3hot D3cold
Feb 05 03:07:04 kali kernel: pci 0000:00:17.3: [15ad:07a0] type 01 class 0x060400 PCIe Root Port
Feb 05 03:07:04 kali kernel: pci 0000:00:17.3: PCI bridge to [bus 16]
Feb 05 03:07:04 kali kernel: pci 0000:00:17.3:   bridge window [mem 0xfc600000-0xfc6fffff]
Feb 05 03:07:04 kali kernel: pci 0000:00:17.3:   bridge window [mem 0xe6c00000-0xe6cfffff 64bit pref]
Feb 05 03:07:04 kali kernel: pci 0000:00:17.3: PME# supported from D0 D3hot D3cold
Feb 05 03:07:04 kali kernel: pci 0000:00:17.4: [15ad:07a0] type 01 class 0x060400 PCIe Root Port
Feb 05 03:07:04 kali kernel: pci 0000:00:17.4: PCI bridge to [bus 17]
Feb 05 03:07:04 kali kernel: pci 0000:00:17.4:   bridge window [mem 0xfc200000-0xfc2fffff]
Feb 05 03:07:04 kali kernel: pci 0000:00:17.4:   bridge window [mem 0xe6800000-0xe68fffff 64bit pref]
Feb 05 03:07:04 kali kernel: pci 0000:00:17.4: PME# supported from D0 D3hot D3cold
Feb 05 03:07:04 kali kernel: pci 0000:00:17.5: [15ad:07a0] type 01 class 0x060400 PCIe Root Port
Feb 05 03:07:04 kali kernel: pci 0000:00:17.5: PCI bridge to [bus 18]
Feb 05 03:07:04 kali kernel: pci 0000:00:17.5:   bridge window [mem 0xfbe00000-0xfbefffff]
Feb 05 03:07:04 kali kernel: pci 0000:00:17.5:   bridge window [mem 0xe6400000-0xe64fffff 64bit pref]
Feb 05 03:07:04 kali kernel: pci 0000:00:17.5: PME# supported from D0 D3hot D3cold
Feb 05 03:07:04 kali kernel: pci 0000:00:17.6: [15ad:07a0] type 01 class 0x060400 PCIe Root Port
Feb 05 03:07:04 kali kernel: pci 0000:00:17.6: PCI bridge to [bus 19]
Feb 05 03:07:04 kali kernel: pci 0000:00:17.6:   bridge window [mem 0xfba00000-0xfbafffff]
Feb 05 03:07:04 kali kernel: pci 0000:00:17.6:   bridge window [mem 0xe6000000-0xe60fffff 64bit pref]
Feb 05 03:07:04 kali kernel: pci 0000:00:17.6: PME# supported from D0 D3hot D3cold
Feb 05 03:07:04 kali kernel: pci 0000:00:17.7: [15ad:07a0] type 01 class 0x060400 PCIe Root Port
Feb 05 03:07:04 kali kernel: pci 0000:00:17.7: PCI bridge to [bus 1a]
Feb 05 03:07:04 kali kernel: pci 0000:00:17.7:   bridge window [mem 0xfb600000-0xfb6fffff]
Feb 05 03:07:04 kali kernel: pci 0000:00:17.7:   bridge window [mem 0xe5c00000-0xe5cfffff 64bit pref]
Feb 05 03:07:04 kali kernel: pci 0000:00:17.7: PME# supported from D0 D3hot D3cold
Feb 05 03:07:04 kali kernel: pci 0000:00:18.0: [15ad:07a0] type 01 class 0x060400 PCIe Root Port
Feb 05 03:07:04 kali kernel: pci 0000:00:18.0: PCI bridge to [bus 1b]
Feb 05 03:07:04 kali kernel: pci 0000:00:18.0:   bridge window [io  0x7000-0x7fff]
Feb 05 03:07:04 kali kernel: pci 0000:00:18.0:   bridge window [mem 0xfd100000-0xfd1fffff]
Feb 05 03:07:04 kali kernel: pci 0000:00:18.0:   bridge window [mem 0xe7700000-0xe77fffff 64bit pref]
Feb 05 03:07:04 kali kernel: pci 0000:00:18.0: PME# supported from D0 D3hot D3cold
Feb 05 03:07:04 kali kernel: pci 0000:00:18.1: [15ad:07a0] type 01 class 0x060400 PCIe Root Port
Feb 05 03:07:04 kali kernel: pci 0000:00:18.1: PCI bridge to [bus 1c]
Feb 05 03:07:04 kali kernel: pci 0000:00:18.1:   bridge window [io  0xb000-0xbfff]
Feb 05 03:07:04 kali kernel: pci 0000:00:18.1:   bridge window [mem 0xfcd00000-0xfcdfffff]
Feb 05 03:07:04 kali kernel: pci 0000:00:18.1:   bridge window [mem 0xe7300000-0xe73fffff 64bit pref]
Feb 05 03:07:04 kali kernel: pci 0000:00:18.1: PME# supported from D0 D3hot D3cold
Feb 05 03:07:04 kali kernel: pci 0000:00:18.2: [15ad:07a0] type 01 class 0x060400 PCIe Root Port
Feb 05 03:07:04 kali kernel: pci 0000:00:18.2: PCI bridge to [bus 1d]
Feb 05 03:07:04 kali kernel: pci 0000:00:18.2:   bridge window [mem 0xfc900000-0xfc9fffff]
Feb 05 03:07:04 kali kernel: pci 0000:00:18.2:   bridge window [mem 0xe6f00000-0xe6ffffff 64bit pref]
Feb 05 03:07:04 kali kernel: pci 0000:00:18.2: PME# supported from D0 D3hot D3cold
Feb 05 03:07:04 kali kernel: pci 0000:00:18.3: [15ad:07a0] type 01 class 0x060400 PCIe Root Port
Feb 05 03:07:04 kali kernel: pci 0000:00:18.3: PCI bridge to [bus 1e]
Feb 05 03:07:04 kali kernel: pci 0000:00:18.3:   bridge window [mem 0xfc500000-0xfc5fffff]
Feb 05 03:07:04 kali kernel: pci 0000:00:18.3:   bridge window [mem 0xe6b00000-0xe6bfffff 64bit pref]
Feb 05 03:07:04 kali kernel: pci 0000:00:18.3: PME# supported from D0 D3hot D3cold
Feb 05 03:07:04 kali kernel: pci 0000:00:18.4: [15ad:07a0] type 01 class 0x060400 PCIe Root Port
Feb 05 03:07:04 kali kernel: pci 0000:00:18.4: PCI bridge to [bus 1f]
Feb 05 03:07:04 kali kernel: pci 0000:00:18.4:   bridge window [mem 0xfc100000-0xfc1fffff]
Feb 05 03:07:04 kali kernel: pci 0000:00:18.4:   bridge window [mem 0xe6700000-0xe67fffff 64bit pref]
Feb 05 03:07:04 kali kernel: pci 0000:00:18.4: PME# supported from D0 D3hot D3cold
Feb 05 03:07:04 kali kernel: pci 0000:00:18.5: [15ad:07a0] type 01 class 0x060400 PCIe Root Port
Feb 05 03:07:04 kali kernel: pci 0000:00:18.5: PCI bridge to [bus 20]
Feb 05 03:07:04 kali kernel: pci 0000:00:18.5:   bridge window [mem 0xfbd00000-0xfbdfffff]
Feb 05 03:07:04 kali kernel: pci 0000:00:18.5:   bridge window [mem 0xe6300000-0xe63fffff 64bit pref]
Feb 05 03:07:04 kali kernel: pci 0000:00:18.5: PME# supported from D0 D3hot D3cold
Feb 05 03:07:04 kali kernel: pci 0000:00:18.6: [15ad:07a0] type 01 class 0x060400 PCIe Root Port
Feb 05 03:07:04 kali kernel: pci 0000:00:18.6: PCI bridge to [bus 21]
Feb 05 03:07:04 kali kernel: pci 0000:00:18.6:   bridge window [mem 0xfb900000-0xfb9fffff]
Feb 05 03:07:04 kali kernel: pci 0000:00:18.6:   bridge window [mem 0xe5f00000-0xe5ffffff 64bit pref]
Feb 05 03:07:04 kali kernel: pci 0000:00:18.6: PME# supported from D0 D3hot D3cold
Feb 05 03:07:04 kali kernel: pci 0000:00:18.7: [15ad:07a0] type 01 class 0x060400 PCIe Root Port
Feb 05 03:07:04 kali kernel: pci 0000:00:18.7: PCI bridge to [bus 22]
Feb 05 03:07:04 kali kernel: pci 0000:00:18.7:   bridge window [mem 0xfb500000-0xfb5fffff]
Feb 05 03:07:04 kali kernel: pci 0000:00:18.7:   bridge window [mem 0xe5b00000-0xe5bfffff 64bit pref]
Feb 05 03:07:04 kali kernel: pci 0000:00:18.7: PME# supported from D0 D3hot D3cold
Feb 05 03:07:04 kali kernel: pci_bus 0000:01: extended config space not accessible
Feb 05 03:07:04 kali kernel: pci 0000:00:01.0: PCI bridge to [bus 01]
Feb 05 03:07:04 kali kernel: pci_bus 0000:02: extended config space not accessible
Feb 05 03:07:04 kali kernel: acpiphp: Slot [32] registered
Feb 05 03:07:04 kali kernel: acpiphp: Slot [33] registered
Feb 05 03:07:04 kali kernel: acpiphp: Slot [34] registered
Feb 05 03:07:04 kali kernel: acpiphp: Slot [35] registered
Feb 05 03:07:04 kali kernel: acpiphp: Slot [36] registered
Feb 05 03:07:04 kali kernel: acpiphp: Slot [37] registered
Feb 05 03:07:04 kali kernel: acpiphp: Slot [38] registered
Feb 05 03:07:04 kali kernel: acpiphp: Slot [39] registered
Feb 05 03:07:04 kali kernel: acpiphp: Slot [40] registered
Feb 05 03:07:04 kali kernel: acpiphp: Slot [41] registered
Feb 05 03:07:04 kali kernel: acpiphp: Slot [42] registered
Feb 05 03:07:04 kali kernel: acpiphp: Slot [43] registered
Feb 05 03:07:04 kali kernel: acpiphp: Slot [44] registered
Feb 05 03:07:04 kali kernel: acpiphp: Slot [45] registered
Feb 05 03:07:04 kali kernel: acpiphp: Slot [46] registered
Feb 05 03:07:04 kali kernel: acpiphp: Slot [47] registered
Feb 05 03:07:04 kali kernel: acpiphp: Slot [48] registered
Feb 05 03:07:04 kali kernel: acpiphp: Slot [49] registered
Feb 05 03:07:04 kali kernel: acpiphp: Slot [50] registered
Feb 05 03:07:04 kali kernel: acpiphp: Slot [51] registered
Feb 05 03:07:04 kali kernel: acpiphp: Slot [52] registered
Feb 05 03:07:04 kali kernel: acpiphp: Slot [53] registered
Feb 05 03:07:04 kali kernel: acpiphp: Slot [54] registered
Feb 05 03:07:04 kali kernel: acpiphp: Slot [55] registered
Feb 05 03:07:04 kali kernel: acpiphp: Slot [56] registered
Feb 05 03:07:04 kali kernel: acpiphp: Slot [57] registered
Feb 05 03:07:04 kali kernel: acpiphp: Slot [58] registered
Feb 05 03:07:04 kali kernel: acpiphp: Slot [59] registered
Feb 05 03:07:04 kali kernel: acpiphp: Slot [60] registered
Feb 05 03:07:04 kali kernel: acpiphp: Slot [61] registered
Feb 05 03:07:04 kali kernel: acpiphp: Slot [62] registered
Feb 05 03:07:04 kali kernel: acpiphp: Slot [63] registered
Feb 05 03:07:04 kali kernel: pci 0000:02:00.0: [15ad:0774] type 00 class 0x0c0300 conventional PCI endpoint
Feb 05 03:07:04 kali kernel: pci 0000:02:00.0: BAR 4 [io  0x2080-0x209f]
Feb 05 03:07:04 kali kernel: pci 0000:02:01.0: [8086:100f] type 00 class 0x020000 conventional PCI endpoint
Feb 05 03:07:04 kali kernel: pci 0000:02:01.0: BAR 0 [mem 0xfd5c0000-0xfd5dffff 64bit]
Feb 05 03:07:04 kali kernel: pci 0000:02:01.0: BAR 2 [mem 0xfdff0000-0xfdffffff 64bit]
Feb 05 03:07:04 kali kernel: pci 0000:02:01.0: BAR 4 [io  0x2000-0x203f]
Feb 05 03:07:04 kali kernel: pci 0000:02:01.0: ROM [mem 0x00000000-0x0000ffff pref]
Feb 05 03:07:04 kali kernel: pci 0000:02:01.0: PME# supported from D0 D3hot D3cold
Feb 05 03:07:04 kali kernel: pci 0000:02:02.0: [1274:1371] type 00 class 0x040100 conventional PCI endpoint
Feb 05 03:07:04 kali kernel: pci 0000:02:02.0: BAR 0 [io  0x2040-0x207f]
Feb 05 03:07:04 kali kernel: pci 0000:02:03.0: [15ad:0770] type 00 class 0x0c0320 conventional PCI endpoint
Feb 05 03:07:04 kali kernel: pci 0000:02:03.0: BAR 0 [mem 0xfd5ef000-0xfd5effff]
Feb 05 03:07:04 kali kernel: pci 0000:00:11.0: PCI bridge to [bus 02] (subtractive decode)
Feb 05 03:07:04 kali kernel: pci 0000:00:11.0:   bridge window [mem 0x000a0000-0x000bffff window] (subtractive decode)
Feb 05 03:07:04 kali kernel: pci 0000:00:11.0:   bridge window [mem 0x000cc000-0x000dbfff window] (subtractive decode)
Feb 05 03:07:04 kali kernel: pci 0000:00:11.0:   bridge window [mem 0x80000000-0xfebfffff window] (subtractive decode)
Feb 05 03:07:04 kali kernel: pci 0000:00:11.0:   bridge window [io  0x0000-0x0cf7 window] (subtractive decode)
Feb 05 03:07:04 kali kernel: pci 0000:00:11.0:   bridge window [io  0x0d00-0xfeff window] (subtractive decode)
Feb 05 03:07:04 kali kernel: pci 0000:00:15.0: PCI bridge to [bus 03]
Feb 05 03:07:04 kali kernel: pci 0000:00:15.1: PCI bridge to [bus 04]
Feb 05 03:07:04 kali kernel: pci 0000:00:15.2: PCI bridge to [bus 05]
Feb 05 03:07:04 kali kernel: pci 0000:00:15.3: PCI bridge to [bus 06]
Feb 05 03:07:04 kali kernel: pci 0000:00:15.4: PCI bridge to [bus 07]
Feb 05 03:07:04 kali kernel: pci 0000:00:15.5: PCI bridge to [bus 08]
Feb 05 03:07:04 kali kernel: pci 0000:00:15.6: PCI bridge to [bus 09]
Feb 05 03:07:04 kali kernel: pci 0000:00:15.7: PCI bridge to [bus 0a]
Feb 05 03:07:04 kali kernel: pci 0000:00:16.0: PCI bridge to [bus 0b]
Feb 05 03:07:04 kali kernel: pci 0000:00:16.1: PCI bridge to [bus 0c]
Feb 05 03:07:04 kali kernel: pci 0000:00:16.2: PCI bridge to [bus 0d]
Feb 05 03:07:04 kali kernel: pci 0000:00:16.3: PCI bridge to [bus 0e]
Feb 05 03:07:04 kali kernel: pci 0000:00:16.4: PCI bridge to [bus 0f]
Feb 05 03:07:04 kali kernel: pci 0000:00:16.5: PCI bridge to [bus 10]
Feb 05 03:07:04 kali kernel: pci 0000:00:16.6: PCI bridge to [bus 11]
Feb 05 03:07:04 kali kernel: pci 0000:00:16.7: PCI bridge to [bus 12]
Feb 05 03:07:04 kali kernel: pci 0000:00:17.0: PCI bridge to [bus 13]
Feb 05 03:07:04 kali kernel: pci 0000:00:17.1: PCI bridge to [bus 14]
Feb 05 03:07:04 kali kernel: pci 0000:00:17.2: PCI bridge to [bus 15]
Feb 05 03:07:04 kali kernel: pci 0000:00:17.3: PCI bridge to [bus 16]
Feb 05 03:07:04 kali kernel: pci 0000:00:17.4: PCI bridge to [bus 17]
Feb 05 03:07:04 kali kernel: pci 0000:00:17.5: PCI bridge to [bus 18]
Feb 05 03:07:04 kali kernel: pci 0000:00:17.6: PCI bridge to [bus 19]
Feb 05 03:07:04 kali kernel: pci 0000:00:17.7: PCI bridge to [bus 1a]
Feb 05 03:07:04 kali kernel: pci 0000:00:18.0: PCI bridge to [bus 1b]
Feb 05 03:07:04 kali kernel: pci 0000:00:18.1: PCI bridge to [bus 1c]
Feb 05 03:07:04 kali kernel: pci 0000:00:18.2: PCI bridge to [bus 1d]
Feb 05 03:07:04 kali kernel: pci 0000:00:18.3: PCI bridge to [bus 1e]
Feb 05 03:07:04 kali kernel: pci 0000:00:18.4: PCI bridge to [bus 1f]
Feb 05 03:07:04 kali kernel: pci 0000:00:18.5: PCI bridge to [bus 20]
Feb 05 03:07:04 kali kernel: pci 0000:00:18.6: PCI bridge to [bus 21]
Feb 05 03:07:04 kali kernel: pci 0000:00:18.7: PCI bridge to [bus 22]
Feb 05 03:07:04 kali kernel: ACPI: PCI: Interrupt link LNKA configured for IRQ 9
Feb 05 03:07:04 kali kernel: ACPI: PCI: Interrupt link LNKB configured for IRQ 11
Feb 05 03:07:04 kali kernel: ACPI: PCI: Interrupt link LNKC configured for IRQ 10
Feb 05 03:07:04 kali kernel: ACPI: PCI: Interrupt link LNKD configured for IRQ 5
Feb 05 03:07:04 kali kernel: iommu: Default domain type: Translated
Feb 05 03:07:04 kali kernel: iommu: DMA domain TLB invalidation policy: lazy mode
Feb 05 03:07:04 kali kernel: pps_core: LinuxPPS API ver. 1 registered
Feb 05 03:07:04 kali kernel: pps_core: Software ver. 5.3.6 - Copyright 2005-2007 Rodolfo Giometti <giometti@linux.it>
Feb 05 03:07:04 kali kernel: PTP clock support registered
Feb 05 03:07:04 kali kernel: EDAC MC: Ver: 3.0.0
Feb 05 03:07:04 kali kernel: NetLabel: Initializing
Feb 05 03:07:04 kali kernel: NetLabel:  domain hash size = 128
Feb 05 03:07:04 kali kernel: NetLabel:  protocols = UNLABELED CIPSOv4 CALIPSO
Feb 05 03:07:04 kali kernel: NetLabel:  unlabeled traffic allowed by default
Feb 05 03:07:04 kali kernel: PCI: Using ACPI for IRQ routing
Feb 05 03:07:04 kali kernel: PCI: pci_cache_line_size set to 64 bytes
Feb 05 03:07:04 kali kernel: e820: reserve RAM buffer [mem 0x0009f400-0x0009ffff]
Feb 05 03:07:04 kali kernel: e820: reserve RAM buffer [mem 0x7fee0000-0x7fffffff]
Feb 05 03:07:04 kali kernel: pci 0000:00:0f.0: vgaarb: setting as boot VGA device
Feb 05 03:07:04 kali kernel: pci 0000:00:0f.0: vgaarb: bridge control possible
Feb 05 03:07:04 kali kernel: pci 0000:00:0f.0: vgaarb: VGA device added: decodes=io+mem,owns=io+mem,locks=none
Feb 05 03:07:04 kali kernel: vgaarb: loaded
Feb 05 03:07:04 kali kernel: hpet0: at MMIO 0xfed00000, IRQs 2, 8, 0, 0, 0, 0, 0, 0, 0, 0, 0, 0, 0, 0, 0, 0
Feb 05 03:07:04 kali kernel: hpet0: 16 comparators, 64-bit 14.318180 MHz counter
Feb 05 03:07:04 kali kernel: clocksource: Switched to clocksource tsc-early
Feb 05 03:07:04 kali kernel: VFS: Disk quotas dquot_6.6.0
Feb 05 03:07:04 kali kernel: VFS: Dquot-cache hash table entries: 512 (order 0, 4096 bytes)
Feb 05 03:07:04 kali kernel: AppArmor: AppArmor Filesystem Enabled
Feb 05 03:07:04 kali kernel: pnp: PnP ACPI init
Feb 05 03:07:04 kali kernel: system 00:00: [io  0x1000-0x103f] has been reserved
Feb 05 03:07:04 kali kernel: system 00:00: [io  0x1040-0x104f] has been reserved
Feb 05 03:07:04 kali kernel: system 00:00: [io  0x0cf0-0x0cf1] has been reserved
Feb 05 03:07:04 kali kernel: system 00:04: [mem 0xfed00000-0xfed003ff] has been reserved
Feb 05 03:07:04 kali kernel: pnp 00:08: [dma 2]
Feb 05 03:07:04 kali kernel: system 00:09: [io  0xfce0-0xfcff] has been reserved
Feb 05 03:07:04 kali kernel: system 00:09: [mem 0xf0000000-0xf7ffffff] has been reserved
Feb 05 03:07:04 kali kernel: system 00:09: [mem 0xfe800000-0xfe9fffff] has been reserved
Feb 05 03:07:04 kali kernel: pnp: PnP ACPI: found 10 devices
Feb 05 03:07:04 kali kernel: clocksource: acpi_pm: mask: 0xffffff max_cycles: 0xffffff, max_idle_ns: 2085701024 ns
Feb 05 03:07:04 kali kernel: NET: Registered PF_INET protocol family
Feb 05 03:07:04 kali kernel: IP idents hash table entries: 32768 (order: 6, 262144 bytes, linear)
Feb 05 03:07:04 kali kernel: tcp_listen_portaddr_hash hash table entries: 1024 (order: 2, 16384 bytes, linear)
Feb 05 03:07:04 kali kernel: Table-perturb hash table entries: 65536 (order: 6, 262144 bytes, linear)
Feb 05 03:07:04 kali kernel: TCP established hash table entries: 16384 (order: 5, 131072 bytes, linear)
Feb 05 03:07:04 kali kernel: TCP bind hash table entries: 16384 (order: 7, 524288 bytes, linear)
Feb 05 03:07:04 kali kernel: TCP: Hash tables configured (established 16384 bind 16384)
Feb 05 03:07:04 kali kernel: MPTCP token hash table entries: 2048 (order: 3, 49152 bytes, linear)
Feb 05 03:07:04 kali kernel: UDP hash table entries: 1024 (order: 4, 65536 bytes, linear)
Feb 05 03:07:04 kali kernel: UDP-Lite hash table entries: 1024 (order: 4, 65536 bytes, linear)
Feb 05 03:07:04 kali kernel: NET: Registered PF_UNIX/PF_LOCAL protocol family
Feb 05 03:07:04 kali kernel: NET: Registered PF_XDP protocol family
Feb 05 03:07:04 kali kernel: pci 0000:00:15.3: bridge window [io  0x1000-0x0fff] to [bus 06] add_size 1000
Feb 05 03:07:04 kali kernel: pci 0000:00:15.4: bridge window [io  0x1000-0x0fff] to [bus 07] add_size 1000
Feb 05 03:07:04 kali kernel: pci 0000:00:15.5: bridge window [io  0x1000-0x0fff] to [bus 08] add_size 1000
Feb 05 03:07:04 kali kernel: pci 0000:00:15.6: bridge window [io  0x1000-0x0fff] to [bus 09] add_size 1000
Feb 05 03:07:04 kali kernel: pci 0000:00:15.7: bridge window [io  0x1000-0x0fff] to [bus 0a] add_size 1000
Feb 05 03:07:04 kali kernel: pci 0000:00:16.3: bridge window [io  0x1000-0x0fff] to [bus 0e] add_size 1000
Feb 05 03:07:04 kali kernel: pci 0000:00:16.4: bridge window [io  0x1000-0x0fff] to [bus 0f] add_size 1000
Feb 05 03:07:04 kali kernel: pci 0000:00:16.5: bridge window [io  0x1000-0x0fff] to [bus 10] add_size 1000
Feb 05 03:07:04 kali kernel: pci 0000:00:16.6: bridge window [io  0x1000-0x0fff] to [bus 11] add_size 1000
Feb 05 03:07:04 kali kernel: pci 0000:00:16.7: bridge window [io  0x1000-0x0fff] to [bus 12] add_size 1000
Feb 05 03:07:04 kali kernel: pci 0000:00:17.3: bridge window [io  0x1000-0x0fff] to [bus 16] add_size 1000
Feb 05 03:07:04 kali kernel: pci 0000:00:17.4: bridge window [io  0x1000-0x0fff] to [bus 17] add_size 1000
Feb 05 03:07:04 kali kernel: pci 0000:00:17.5: bridge window [io  0x1000-0x0fff] to [bus 18] add_size 1000
Feb 05 03:07:04 kali kernel: pci 0000:00:17.6: bridge window [io  0x1000-0x0fff] to [bus 19] add_size 1000
Feb 05 03:07:04 kali kernel: pci 0000:00:17.7: bridge window [io  0x1000-0x0fff] to [bus 1a] add_size 1000
Feb 05 03:07:04 kali kernel: pci 0000:00:18.2: bridge window [io  0x1000-0x0fff] to [bus 1d] add_size 1000
Feb 05 03:07:04 kali kernel: pci 0000:00:18.3: bridge window [io  0x1000-0x0fff] to [bus 1e] add_size 1000
Feb 05 03:07:04 kali kernel: pci 0000:00:18.4: bridge window [io  0x1000-0x0fff] to [bus 1f] add_size 1000
Feb 05 03:07:04 kali kernel: pci 0000:00:18.5: bridge window [io  0x1000-0x0fff] to [bus 20] add_size 1000
Feb 05 03:07:04 kali kernel: pci 0000:00:18.6: bridge window [io  0x1000-0x0fff] to [bus 21] add_size 1000
Feb 05 03:07:04 kali kernel: pci 0000:00:18.7: bridge window [io  0x1000-0x0fff] to [bus 22] add_size 1000
Feb 05 03:07:04 kali kernel: pci 0000:00:10.0: ROM [mem 0x80000000-0x80003fff pref]: assigned
Feb 05 03:07:04 kali kernel: pci 0000:00:15.3: bridge window [io  size 0x1000]: can't assign; no space
Feb 05 03:07:04 kali kernel: pci 0000:00:15.3: bridge window [io  size 0x1000]: failed to assign
Feb 05 03:07:04 kali kernel: pci 0000:00:15.4: bridge window [io  size 0x1000]: can't assign; no space
Feb 05 03:07:04 kali kernel: pci 0000:00:15.4: bridge window [io  size 0x1000]: failed to assign
Feb 05 03:07:04 kali kernel: pci 0000:00:15.5: bridge window [io  size 0x1000]: can't assign; no space
Feb 05 03:07:04 kali kernel: pci 0000:00:15.5: bridge window [io  size 0x1000]: failed to assign
Feb 05 03:07:04 kali kernel: pci 0000:00:15.6: bridge window [io  size 0x1000]: can't assign; no space
Feb 05 03:07:04 kali kernel: pci 0000:00:15.6: bridge window [io  size 0x1000]: failed to assign
Feb 05 03:07:04 kali kernel: pci 0000:00:15.7: bridge window [io  size 0x1000]: can't assign; no space
Feb 05 03:07:04 kali kernel: pci 0000:00:15.7: bridge window [io  size 0x1000]: failed to assign
Feb 05 03:07:04 kali kernel: pci 0000:00:16.3: bridge window [io  size 0x1000]: can't assign; no space
Feb 05 03:07:04 kali kernel: pci 0000:00:16.3: bridge window [io  size 0x1000]: failed to assign
Feb 05 03:07:04 kali kernel: pci 0000:00:16.4: bridge window [io  size 0x1000]: can't assign; no space
Feb 05 03:07:04 kali kernel: pci 0000:00:16.4: bridge window [io  size 0x1000]: failed to assign
Feb 05 03:07:04 kali kernel: pci 0000:00:16.5: bridge window [io  size 0x1000]: can't assign; no space
Feb 05 03:07:04 kali kernel: pci 0000:00:16.5: bridge window [io  size 0x1000]: failed to assign
Feb 05 03:07:04 kali kernel: pci 0000:00:16.6: bridge window [io  size 0x1000]: can't assign; no space
Feb 05 03:07:04 kali kernel: pci 0000:00:16.6: bridge window [io  size 0x1000]: failed to assign
Feb 05 03:07:04 kali kernel: pci 0000:00:16.7: bridge window [io  size 0x1000]: can't assign; no space
Feb 05 03:07:04 kali kernel: pci 0000:00:16.7: bridge window [io  size 0x1000]: failed to assign
Feb 05 03:07:04 kali kernel: pci 0000:00:17.3: bridge window [io  size 0x1000]: can't assign; no space
Feb 05 03:07:04 kali kernel: pci 0000:00:17.3: bridge window [io  size 0x1000]: failed to assign
Feb 05 03:07:04 kali kernel: pci 0000:00:17.4: bridge window [io  size 0x1000]: can't assign; no space
Feb 05 03:07:04 kali kernel: pci 0000:00:17.4: bridge window [io  size 0x1000]: failed to assign
Feb 05 03:07:04 kali kernel: pci 0000:00:17.5: bridge window [io  size 0x1000]: can't assign; no space
Feb 05 03:07:04 kali kernel: pci 0000:00:17.5: bridge window [io  size 0x1000]: failed to assign
Feb 05 03:07:04 kali kernel: pci 0000:00:17.6: bridge window [io  size 0x1000]: can't assign; no space
Feb 05 03:07:04 kali kernel: pci 0000:00:17.6: bridge window [io  size 0x1000]: failed to assign
Feb 05 03:07:04 kali kernel: pci 0000:00:17.7: bridge window [io  size 0x1000]: can't assign; no space
Feb 05 03:07:04 kali kernel: pci 0000:00:17.7: bridge window [io  size 0x1000]: failed to assign
Feb 05 03:07:04 kali kernel: pci 0000:00:18.2: bridge window [io  size 0x1000]: can't assign; no space
Feb 05 03:07:04 kali kernel: pci 0000:00:18.2: bridge window [io  size 0x1000]: failed to assign
Feb 05 03:07:04 kali kernel: pci 0000:00:18.3: bridge window [io  size 0x1000]: can't assign; no space
Feb 05 03:07:04 kali kernel: pci 0000:00:18.3: bridge window [io  size 0x1000]: failed to assign
Feb 05 03:07:04 kali kernel: pci 0000:00:18.4: bridge window [io  size 0x1000]: can't assign; no space
Feb 05 03:07:04 kali kernel: pci 0000:00:18.4: bridge window [io  size 0x1000]: failed to assign
Feb 05 03:07:04 kali kernel: pci 0000:00:18.5: bridge window [io  size 0x1000]: can't assign; no space
Feb 05 03:07:04 kali kernel: pci 0000:00:18.5: bridge window [io  size 0x1000]: failed to assign
Feb 05 03:07:04 kali kernel: pci 0000:00:18.6: bridge window [io  size 0x1000]: can't assign; no space
Feb 05 03:07:04 kali kernel: pci 0000:00:18.6: bridge window [io  size 0x1000]: failed to assign
Feb 05 03:07:04 kali kernel: pci 0000:00:18.7: bridge window [io  size 0x1000]: can't assign; no space
Feb 05 03:07:04 kali kernel: pci 0000:00:18.7: bridge window [io  size 0x1000]: failed to assign
Feb 05 03:07:04 kali kernel: pci 0000:00:18.7: bridge window [io  size 0x1000]: can't assign; no space
Feb 05 03:07:04 kali kernel: pci 0000:00:18.7: bridge window [io  size 0x1000]: failed to assign
Feb 05 03:07:04 kali kernel: pci 0000:00:18.6: bridge window [io  size 0x1000]: can't assign; no space
Feb 05 03:07:04 kali kernel: pci 0000:00:18.6: bridge window [io  size 0x1000]: failed to assign
Feb 05 03:07:04 kali kernel: pci 0000:00:18.5: bridge window [io  size 0x1000]: can't assign; no space
Feb 05 03:07:04 kali kernel: pci 0000:00:18.5: bridge window [io  size 0x1000]: failed to assign
Feb 05 03:07:04 kali kernel: pci 0000:00:18.4: bridge window [io  size 0x1000]: can't assign; no space
Feb 05 03:07:04 kali kernel: pci 0000:00:18.4: bridge window [io  size 0x1000]: failed to assign
Feb 05 03:07:04 kali kernel: pci 0000:00:18.3: bridge window [io  size 0x1000]: can't assign; no space
Feb 05 03:07:04 kali kernel: pci 0000:00:18.3: bridge window [io  size 0x1000]: failed to assign
Feb 05 03:07:04 kali kernel: pci 0000:00:18.2: bridge window [io  size 0x1000]: can't assign; no space
Feb 05 03:07:04 kali kernel: pci 0000:00:18.2: bridge window [io  size 0x1000]: failed to assign
Feb 05 03:07:04 kali kernel: pci 0000:00:17.7: bridge window [io  size 0x1000]: can't assign; no space
Feb 05 03:07:04 kali kernel: pci 0000:00:17.7: bridge window [io  size 0x1000]: failed to assign
Feb 05 03:07:04 kali kernel: pci 0000:00:17.6: bridge window [io  size 0x1000]: can't assign; no space
Feb 05 03:07:04 kali kernel: pci 0000:00:17.6: bridge window [io  size 0x1000]: failed to assign
Feb 05 03:07:04 kali kernel: pci 0000:00:17.5: bridge window [io  size 0x1000]: can't assign; no space
Feb 05 03:07:04 kali kernel: pci 0000:00:17.5: bridge window [io  size 0x1000]: failed to assign
Feb 05 03:07:04 kali kernel: pci 0000:00:17.4: bridge window [io  size 0x1000]: can't assign; no space
Feb 05 03:07:04 kali kernel: pci 0000:00:17.4: bridge window [io  size 0x1000]: failed to assign
Feb 05 03:07:04 kali kernel: pci 0000:00:17.3: bridge window [io  size 0x1000]: can't assign; no space
Feb 05 03:07:04 kali kernel: pci 0000:00:17.3: bridge window [io  size 0x1000]: failed to assign
Feb 05 03:07:04 kali kernel: pci 0000:00:16.7: bridge window [io  size 0x1000]: can't assign; no space
Feb 05 03:07:04 kali kernel: pci 0000:00:16.7: bridge window [io  size 0x1000]: failed to assign
Feb 05 03:07:04 kali kernel: pci 0000:00:16.6: bridge window [io  size 0x1000]: can't assign; no space
Feb 05 03:07:04 kali kernel: pci 0000:00:16.6: bridge window [io  size 0x1000]: failed to assign
Feb 05 03:07:04 kali kernel: pci 0000:00:16.5: bridge window [io  size 0x1000]: can't assign; no space
Feb 05 03:07:04 kali kernel: pci 0000:00:16.5: bridge window [io  size 0x1000]: failed to assign
Feb 05 03:07:04 kali kernel: pci 0000:00:16.4: bridge window [io  size 0x1000]: can't assign; no space
Feb 05 03:07:04 kali kernel: pci 0000:00:16.4: bridge window [io  size 0x1000]: failed to assign
Feb 05 03:07:04 kali kernel: pci 0000:00:16.3: bridge window [io  size 0x1000]: can't assign; no space
Feb 05 03:07:04 kali kernel: pci 0000:00:16.3: bridge window [io  size 0x1000]: failed to assign
Feb 05 03:07:04 kali kernel: pci 0000:00:15.7: bridge window [io  size 0x1000]: can't assign; no space
Feb 05 03:07:04 kali kernel: pci 0000:00:15.7: bridge window [io  size 0x1000]: failed to assign
Feb 05 03:07:04 kali kernel: pci 0000:00:15.6: bridge window [io  size 0x1000]: can't assign; no space
Feb 05 03:07:04 kali kernel: pci 0000:00:15.6: bridge window [io  size 0x1000]: failed to assign
Feb 05 03:07:04 kali kernel: pci 0000:00:15.5: bridge window [io  size 0x1000]: can't assign; no space
Feb 05 03:07:04 kali kernel: pci 0000:00:15.5: bridge window [io  size 0x1000]: failed to assign
Feb 05 03:07:04 kali kernel: pci 0000:00:15.4: bridge window [io  size 0x1000]: can't assign; no space
Feb 05 03:07:04 kali kernel: pci 0000:00:15.4: bridge window [io  size 0x1000]: failed to assign
Feb 05 03:07:04 kali kernel: pci 0000:00:15.3: bridge window [io  size 0x1000]: can't assign; no space
Feb 05 03:07:04 kali kernel: pci 0000:00:15.3: bridge window [io  size 0x1000]: failed to assign
Feb 05 03:07:04 kali kernel: pci 0000:00:01.0: PCI bridge to [bus 01]
Feb 05 03:07:04 kali kernel: pci 0000:02:01.0: ROM [mem 0xfd500000-0xfd50ffff pref]: assigned
Feb 05 03:07:04 kali kernel: pci 0000:00:11.0: PCI bridge to [bus 02]
Feb 05 03:07:04 kali kernel: pci 0000:00:11.0:   bridge window [io  0x2000-0x3fff]
Feb 05 03:07:04 kali kernel: pci 0000:00:11.0:   bridge window [mem 0xfd500000-0xfdffffff]
Feb 05 03:07:04 kali kernel: pci 0000:00:11.0:   bridge window [mem 0xe7b00000-0xe7ffffff 64bit pref]
Feb 05 03:07:04 kali kernel: pci 0000:00:15.0: PCI bridge to [bus 03]
Feb 05 03:07:04 kali kernel: pci 0000:00:15.0:   bridge window [io  0x4000-0x4fff]
Feb 05 03:07:04 kali kernel: pci 0000:00:15.0:   bridge window [mem 0xfd400000-0xfd4fffff]
Feb 05 03:07:04 kali kernel: pci 0000:00:15.0:   bridge window [mem 0xe7a00000-0xe7afffff 64bit pref]
Feb 05 03:07:04 kali kernel: pci 0000:00:15.1: PCI bridge to [bus 04]
Feb 05 03:07:04 kali kernel: pci 0000:00:15.1:   bridge window [io  0x8000-0x8fff]
Feb 05 03:07:04 kali kernel: pci 0000:00:15.1:   bridge window [mem 0xfd000000-0xfd0fffff]
Feb 05 03:07:04 kali kernel: pci 0000:00:15.1:   bridge window [mem 0xe7600000-0xe76fffff 64bit pref]
Feb 05 03:07:04 kali kernel: pci 0000:00:15.2: PCI bridge to [bus 05]
Feb 05 03:07:04 kali kernel: pci 0000:00:15.2:   bridge window [io  0xc000-0xcfff]
Feb 05 03:07:04 kali kernel: pci 0000:00:15.2:   bridge window [mem 0xfcc00000-0xfccfffff]
Feb 05 03:07:04 kali kernel: pci 0000:00:15.2:   bridge window [mem 0xe7200000-0xe72fffff 64bit pref]
Feb 05 03:07:04 kali kernel: pci 0000:00:15.3: PCI bridge to [bus 06]
Feb 05 03:07:04 kali kernel: pci 0000:00:15.3:   bridge window [mem 0xfc800000-0xfc8fffff]
Feb 05 03:07:04 kali kernel: pci 0000:00:15.3:   bridge window [mem 0xe6e00000-0xe6efffff 64bit pref]
Feb 05 03:07:04 kali kernel: pci 0000:00:15.4: PCI bridge to [bus 07]
Feb 05 03:07:04 kali kernel: pci 0000:00:15.4:   bridge window [mem 0xfc400000-0xfc4fffff]
Feb 05 03:07:04 kali kernel: pci 0000:00:15.4:   bridge window [mem 0xe6a00000-0xe6afffff 64bit pref]
Feb 05 03:07:04 kali kernel: pci 0000:00:15.5: PCI bridge to [bus 08]
Feb 05 03:07:04 kali kernel: pci 0000:00:15.5:   bridge window [mem 0xfc000000-0xfc0fffff]
Feb 05 03:07:04 kali kernel: pci 0000:00:15.5:   bridge window [mem 0xe6600000-0xe66fffff 64bit pref]
Feb 05 03:07:04 kali kernel: pci 0000:00:15.6: PCI bridge to [bus 09]
Feb 05 03:07:04 kali kernel: pci 0000:00:15.6:   bridge window [mem 0xfbc00000-0xfbcfffff]
Feb 05 03:07:04 kali kernel: pci 0000:00:15.6:   bridge window [mem 0xe6200000-0xe62fffff 64bit pref]
Feb 05 03:07:04 kali kernel: pci 0000:00:15.7: PCI bridge to [bus 0a]
Feb 05 03:07:04 kali kernel: pci 0000:00:15.7:   bridge window [mem 0xfb800000-0xfb8fffff]
Feb 05 03:07:04 kali kernel: pci 0000:00:15.7:   bridge window [mem 0xe5e00000-0xe5efffff 64bit pref]
Feb 05 03:07:04 kali kernel: pci 0000:00:16.0: PCI bridge to [bus 0b]
Feb 05 03:07:04 kali kernel: pci 0000:00:16.0:   bridge window [io  0x5000-0x5fff]
Feb 05 03:07:04 kali kernel: pci 0000:00:16.0:   bridge window [mem 0xfd300000-0xfd3fffff]
Feb 05 03:07:04 kali kernel: pci 0000:00:16.0:   bridge window [mem 0xe7900000-0xe79fffff 64bit pref]
Feb 05 03:07:04 kali kernel: pci 0000:00:16.1: PCI bridge to [bus 0c]
Feb 05 03:07:04 kali kernel: pci 0000:00:16.1:   bridge window [io  0x9000-0x9fff]
Feb 05 03:07:04 kali kernel: pci 0000:00:16.1:   bridge window [mem 0xfcf00000-0xfcffffff]
Feb 05 03:07:04 kali kernel: pci 0000:00:16.1:   bridge window [mem 0xe7500000-0xe75fffff 64bit pref]
Feb 05 03:07:04 kali kernel: pci 0000:00:16.2: PCI bridge to [bus 0d]
Feb 05 03:07:04 kali kernel: pci 0000:00:16.2:   bridge window [io  0xd000-0xdfff]
Feb 05 03:07:04 kali kernel: pci 0000:00:16.2:   bridge window [mem 0xfcb00000-0xfcbfffff]
Feb 05 03:07:04 kali kernel: pci 0000:00:16.2:   bridge window [mem 0xe7100000-0xe71fffff 64bit pref]
Feb 05 03:07:04 kali kernel: pci 0000:00:16.3: PCI bridge to [bus 0e]
Feb 05 03:07:04 kali kernel: pci 0000:00:16.3:   bridge window [mem 0xfc700000-0xfc7fffff]
Feb 05 03:07:04 kali kernel: pci 0000:00:16.3:   bridge window [mem 0xe6d00000-0xe6dfffff 64bit pref]
Feb 05 03:07:04 kali kernel: pci 0000:00:16.4: PCI bridge to [bus 0f]
Feb 05 03:07:04 kali kernel: pci 0000:00:16.4:   bridge window [mem 0xfc300000-0xfc3fffff]
Feb 05 03:07:04 kali kernel: pci 0000:00:16.4:   bridge window [mem 0xe6900000-0xe69fffff 64bit pref]
Feb 05 03:07:04 kali kernel: pci 0000:00:16.5: PCI bridge to [bus 10]
Feb 05 03:07:04 kali kernel: pci 0000:00:16.5:   bridge window [mem 0xfbf00000-0xfbffffff]
Feb 05 03:07:04 kali kernel: pci 0000:00:16.5:   bridge window [mem 0xe6500000-0xe65fffff 64bit pref]
Feb 05 03:07:04 kali kernel: pci 0000:00:16.6: PCI bridge to [bus 11]
Feb 05 03:07:04 kali kernel: pci 0000:00:16.6:   bridge window [mem 0xfbb00000-0xfbbfffff]
Feb 05 03:07:04 kali kernel: pci 0000:00:16.6:   bridge window [mem 0xe6100000-0xe61fffff 64bit pref]
Feb 05 03:07:04 kali kernel: pci 0000:00:16.7: PCI bridge to [bus 12]
Feb 05 03:07:04 kali kernel: pci 0000:00:16.7:   bridge window [mem 0xfb700000-0xfb7fffff]
Feb 05 03:07:04 kali kernel: pci 0000:00:16.7:   bridge window [mem 0xe5d00000-0xe5dfffff 64bit pref]
Feb 05 03:07:04 kali kernel: pci 0000:00:17.0: PCI bridge to [bus 13]
Feb 05 03:07:04 kali kernel: pci 0000:00:17.0:   bridge window [io  0x6000-0x6fff]
Feb 05 03:07:04 kali kernel: pci 0000:00:17.0:   bridge window [mem 0xfd200000-0xfd2fffff]
Feb 05 03:07:04 kali kernel: pci 0000:00:17.0:   bridge window [mem 0xe7800000-0xe78fffff 64bit pref]
Feb 05 03:07:04 kali kernel: pci 0000:00:17.1: PCI bridge to [bus 14]
Feb 05 03:07:04 kali kernel: pci 0000:00:17.1:   bridge window [io  0xa000-0xafff]
Feb 05 03:07:04 kali kernel: pci 0000:00:17.1:   bridge window [mem 0xfce00000-0xfcefffff]
Feb 05 03:07:04 kali kernel: pci 0000:00:17.1:   bridge window [mem 0xe7400000-0xe74fffff 64bit pref]
Feb 05 03:07:04 kali kernel: pci 0000:00:17.2: PCI bridge to [bus 15]
Feb 05 03:07:04 kali kernel: pci 0000:00:17.2:   bridge window [io  0xe000-0xefff]
Feb 05 03:07:04 kali kernel: pci 0000:00:17.2:   bridge window [mem 0xfca00000-0xfcafffff]
Feb 05 03:07:04 kali kernel: pci 0000:00:17.2:   bridge window [mem 0xe7000000-0xe70fffff 64bit pref]
Feb 05 03:07:04 kali kernel: pci 0000:00:17.3: PCI bridge to [bus 16]
Feb 05 03:07:04 kali kernel: pci 0000:00:17.3:   bridge window [mem 0xfc600000-0xfc6fffff]
Feb 05 03:07:04 kali kernel: pci 0000:00:17.3:   bridge window [mem 0xe6c00000-0xe6cfffff 64bit pref]
Feb 05 03:07:04 kali kernel: pci 0000:00:17.4: PCI bridge to [bus 17]
Feb 05 03:07:04 kali kernel: pci 0000:00:17.4:   bridge window [mem 0xfc200000-0xfc2fffff]
Feb 05 03:07:04 kali kernel: pci 0000:00:17.4:   bridge window [mem 0xe6800000-0xe68fffff 64bit pref]
Feb 05 03:07:04 kali kernel: pci 0000:00:17.5: PCI bridge to [bus 18]
Feb 05 03:07:04 kali kernel: pci 0000:00:17.5:   bridge window [mem 0xfbe00000-0xfbefffff]
Feb 05 03:07:04 kali kernel: pci 0000:00:17.5:   bridge window [mem 0xe6400000-0xe64fffff 64bit pref]
Feb 05 03:07:04 kali kernel: pci 0000:00:17.6: PCI bridge to [bus 19]
Feb 05 03:07:04 kali kernel: pci 0000:00:17.6:   bridge window [mem 0xfba00000-0xfbafffff]
Feb 05 03:07:04 kali kernel: pci 0000:00:17.6:   bridge window [mem 0xe6000000-0xe60fffff 64bit pref]
Feb 05 03:07:04 kali kernel: pci 0000:00:17.7: PCI bridge to [bus 1a]
Feb 05 03:07:04 kali kernel: pci 0000:00:17.7:   bridge window [mem 0xfb600000-0xfb6fffff]
Feb 05 03:07:04 kali kernel: pci 0000:00:17.7:   bridge window [mem 0xe5c00000-0xe5cfffff 64bit pref]
Feb 05 03:07:04 kali kernel: pci 0000:00:18.0: PCI bridge to [bus 1b]
Feb 05 03:07:04 kali kernel: pci 0000:00:18.0:   bridge window [io  0x7000-0x7fff]
Feb 05 03:07:04 kali kernel: pci 0000:00:18.0:   bridge window [mem 0xfd100000-0xfd1fffff]
Feb 05 03:07:04 kali kernel: pci 0000:00:18.0:   bridge window [mem 0xe7700000-0xe77fffff 64bit pref]
Feb 05 03:07:04 kali kernel: pci 0000:00:18.1: PCI bridge to [bus 1c]
Feb 05 03:07:04 kali kernel: pci 0000:00:18.1:   bridge window [io  0xb000-0xbfff]
Feb 05 03:07:04 kali kernel: pci 0000:00:18.1:   bridge window [mem 0xfcd00000-0xfcdfffff]
Feb 05 03:07:04 kali kernel: pci 0000:00:18.1:   bridge window [mem 0xe7300000-0xe73fffff 64bit pref]
Feb 05 03:07:04 kali kernel: pci 0000:00:18.2: PCI bridge to [bus 1d]
Feb 05 03:07:04 kali kernel: pci 0000:00:18.2:   bridge window [mem 0xfc900000-0xfc9fffff]
Feb 05 03:07:04 kali kernel: pci 0000:00:18.2:   bridge window [mem 0xe6f00000-0xe6ffffff 64bit pref]
Feb 05 03:07:04 kali kernel: pci 0000:00:18.3: PCI bridge to [bus 1e]
Feb 05 03:07:04 kali kernel: pci 0000:00:18.3:   bridge window [mem 0xfc500000-0xfc5fffff]
Feb 05 03:07:04 kali kernel: pci 0000:00:18.3:   bridge window [mem 0xe6b00000-0xe6bfffff 64bit pref]
Feb 05 03:07:04 kali kernel: pci 0000:00:18.4: PCI bridge to [bus 1f]
Feb 05 03:07:04 kali kernel: pci 0000:00:18.4:   bridge window [mem 0xfc100000-0xfc1fffff]
Feb 05 03:07:04 kali kernel: pci 0000:00:18.4:   bridge window [mem 0xe6700000-0xe67fffff 64bit pref]
Feb 05 03:07:04 kali kernel: pci 0000:00:18.5: PCI bridge to [bus 20]
Feb 05 03:07:04 kali kernel: pci 0000:00:18.5:   bridge window [mem 0xfbd00000-0xfbdfffff]
Feb 05 03:07:04 kali kernel: pci 0000:00:18.5:   bridge window [mem 0xe6300000-0xe63fffff 64bit pref]
Feb 05 03:07:04 kali kernel: pci 0000:00:18.6: PCI bridge to [bus 21]
Feb 05 03:07:04 kali kernel: pci 0000:00:18.6:   bridge window [mem 0xfb900000-0xfb9fffff]
Feb 05 03:07:04 kali kernel: pci 0000:00:18.6:   bridge window [mem 0xe5f00000-0xe5ffffff 64bit pref]
Feb 05 03:07:04 kali kernel: pci 0000:00:18.7: PCI bridge to [bus 22]
Feb 05 03:07:04 kali kernel: pci 0000:00:18.7:   bridge window [mem 0xfb500000-0xfb5fffff]
Feb 05 03:07:04 kali kernel: pci 0000:00:18.7:   bridge window [mem 0xe5b00000-0xe5bfffff 64bit pref]
Feb 05 03:07:04 kali kernel: pci_bus 0000:00: Some PCI device resources are unassigned, try booting with pci=realloc
Feb 05 03:07:04 kali kernel: pci_bus 0000:00: resource 4 [mem 0x000a0000-0x000bffff window]
Feb 05 03:07:04 kali kernel: pci_bus 0000:00: resource 5 [mem 0x000cc000-0x000dbfff window]
Feb 05 03:07:04 kali kernel: pci_bus 0000:00: resource 6 [mem 0x80000000-0xfebfffff window]
Feb 05 03:07:04 kali kernel: pci_bus 0000:00: resource 7 [io  0x0000-0x0cf7 window]
Feb 05 03:07:04 kali kernel: pci_bus 0000:00: resource 8 [io  0x0d00-0xfeff window]
Feb 05 03:07:04 kali kernel: pci_bus 0000:02: resource 0 [io  0x2000-0x3fff]
Feb 05 03:07:04 kali kernel: pci_bus 0000:02: resource 1 [mem 0xfd500000-0xfdffffff]
Feb 05 03:07:04 kali kernel: pci_bus 0000:02: resource 2 [mem 0xe7b00000-0xe7ffffff 64bit pref]
Feb 05 03:07:04 kali kernel: pci_bus 0000:02: resource 4 [mem 0x000a0000-0x000bffff window]
Feb 05 03:07:04 kali kernel: pci_bus 0000:02: resource 5 [mem 0x000cc000-0x000dbfff window]
Feb 05 03:07:04 kali kernel: pci_bus 0000:02: resource 6 [mem 0x80000000-0xfebfffff window]
Feb 05 03:07:04 kali kernel: pci_bus 0000:02: resource 7 [io  0x0000-0x0cf7 window]
Feb 05 03:07:04 kali kernel: pci_bus 0000:02: resource 8 [io  0x0d00-0xfeff window]
Feb 05 03:07:04 kali kernel: pci_bus 0000:03: resource 0 [io  0x4000-0x4fff]
Feb 05 03:07:04 kali kernel: pci_bus 0000:03: resource 1 [mem 0xfd400000-0xfd4fffff]
Feb 05 03:07:04 kali kernel: pci_bus 0000:03: resource 2 [mem 0xe7a00000-0xe7afffff 64bit pref]
Feb 05 03:07:04 kali kernel: pci_bus 0000:04: resource 0 [io  0x8000-0x8fff]
Feb 05 03:07:04 kali kernel: pci_bus 0000:04: resource 1 [mem 0xfd000000-0xfd0fffff]
Feb 05 03:07:04 kali kernel: pci_bus 0000:04: resource 2 [mem 0xe7600000-0xe76fffff 64bit pref]
Feb 05 03:07:04 kali kernel: pci_bus 0000:05: resource 0 [io  0xc000-0xcfff]
Feb 05 03:07:04 kali kernel: pci_bus 0000:05: resource 1 [mem 0xfcc00000-0xfccfffff]
Feb 05 03:07:04 kali kernel: pci_bus 0000:05: resource 2 [mem 0xe7200000-0xe72fffff 64bit pref]
Feb 05 03:07:04 kali kernel: pci_bus 0000:06: resource 1 [mem 0xfc800000-0xfc8fffff]
Feb 05 03:07:04 kali kernel: pci_bus 0000:06: resource 2 [mem 0xe6e00000-0xe6efffff 64bit pref]
Feb 05 03:07:04 kali kernel: pci_bus 0000:07: resource 1 [mem 0xfc400000-0xfc4fffff]
Feb 05 03:07:04 kali kernel: pci_bus 0000:07: resource 2 [mem 0xe6a00000-0xe6afffff 64bit pref]
Feb 05 03:07:04 kali kernel: pci_bus 0000:08: resource 1 [mem 0xfc000000-0xfc0fffff]
Feb 05 03:07:04 kali kernel: pci_bus 0000:08: resource 2 [mem 0xe6600000-0xe66fffff 64bit pref]
Feb 05 03:07:04 kali kernel: pci_bus 0000:09: resource 1 [mem 0xfbc00000-0xfbcfffff]
Feb 05 03:07:04 kali kernel: pci_bus 0000:09: resource 2 [mem 0xe6200000-0xe62fffff 64bit pref]
Feb 05 03:07:04 kali kernel: pci_bus 0000:0a: resource 1 [mem 0xfb800000-0xfb8fffff]
Feb 05 03:07:04 kali kernel: pci_bus 0000:0a: resource 2 [mem 0xe5e00000-0xe5efffff 64bit pref]
Feb 05 03:07:04 kali kernel: pci_bus 0000:0b: resource 0 [io  0x5000-0x5fff]
Feb 05 03:07:04 kali kernel: pci_bus 0000:0b: resource 1 [mem 0xfd300000-0xfd3fffff]
Feb 05 03:07:04 kali kernel: pci_bus 0000:0b: resource 2 [mem 0xe7900000-0xe79fffff 64bit pref]
Feb 05 03:07:04 kali kernel: pci_bus 0000:0c: resource 0 [io  0x9000-0x9fff]
Feb 05 03:07:04 kali kernel: pci_bus 0000:0c: resource 1 [mem 0xfcf00000-0xfcffffff]
Feb 05 03:07:04 kali kernel: pci_bus 0000:0c: resource 2 [mem 0xe7500000-0xe75fffff 64bit pref]
Feb 05 03:07:04 kali kernel: pci_bus 0000:0d: resource 0 [io  0xd000-0xdfff]
Feb 05 03:07:04 kali kernel: pci_bus 0000:0d: resource 1 [mem 0xfcb00000-0xfcbfffff]
Feb 05 03:07:04 kali kernel: pci_bus 0000:0d: resource 2 [mem 0xe7100000-0xe71fffff 64bit pref]
Feb 05 03:07:04 kali kernel: pci_bus 0000:0e: resource 1 [mem 0xfc700000-0xfc7fffff]
Feb 05 03:07:04 kali kernel: pci_bus 0000:0e: resource 2 [mem 0xe6d00000-0xe6dfffff 64bit pref]
Feb 05 03:07:04 kali kernel: pci_bus 0000:0f: resource 1 [mem 0xfc300000-0xfc3fffff]
Feb 05 03:07:04 kali kernel: pci_bus 0000:0f: resource 2 [mem 0xe6900000-0xe69fffff 64bit pref]
Feb 05 03:07:04 kali kernel: pci_bus 0000:10: resource 1 [mem 0xfbf00000-0xfbffffff]
Feb 05 03:07:04 kali kernel: pci_bus 0000:10: resource 2 [mem 0xe6500000-0xe65fffff 64bit pref]
Feb 05 03:07:04 kali kernel: pci_bus 0000:11: resource 1 [mem 0xfbb00000-0xfbbfffff]
Feb 05 03:07:04 kali kernel: pci_bus 0000:11: resource 2 [mem 0xe6100000-0xe61fffff 64bit pref]
Feb 05 03:07:04 kali kernel: pci_bus 0000:12: resource 1 [mem 0xfb700000-0xfb7fffff]
Feb 05 03:07:04 kali kernel: pci_bus 0000:12: resource 2 [mem 0xe5d00000-0xe5dfffff 64bit pref]
Feb 05 03:07:04 kali kernel: pci_bus 0000:13: resource 0 [io  0x6000-0x6fff]
Feb 05 03:07:04 kali kernel: pci_bus 0000:13: resource 1 [mem 0xfd200000-0xfd2fffff]
Feb 05 03:07:04 kali kernel: pci_bus 0000:13: resource 2 [mem 0xe7800000-0xe78fffff 64bit pref]
Feb 05 03:07:04 kali kernel: pci_bus 0000:14: resource 0 [io  0xa000-0xafff]
Feb 05 03:07:04 kali kernel: pci_bus 0000:14: resource 1 [mem 0xfce00000-0xfcefffff]
Feb 05 03:07:04 kali kernel: pci_bus 0000:14: resource 2 [mem 0xe7400000-0xe74fffff 64bit pref]
Feb 05 03:07:04 kali kernel: pci_bus 0000:15: resource 0 [io  0xe000-0xefff]
Feb 05 03:07:04 kali kernel: pci_bus 0000:15: resource 1 [mem 0xfca00000-0xfcafffff]
Feb 05 03:07:04 kali kernel: pci_bus 0000:15: resource 2 [mem 0xe7000000-0xe70fffff 64bit pref]
Feb 05 03:07:04 kali kernel: pci_bus 0000:16: resource 1 [mem 0xfc600000-0xfc6fffff]
Feb 05 03:07:04 kali kernel: pci_bus 0000:16: resource 2 [mem 0xe6c00000-0xe6cfffff 64bit pref]
Feb 05 03:07:04 kali kernel: pci_bus 0000:17: resource 1 [mem 0xfc200000-0xfc2fffff]
Feb 05 03:07:04 kali kernel: pci_bus 0000:17: resource 2 [mem 0xe6800000-0xe68fffff 64bit pref]
Feb 05 03:07:04 kali kernel: pci_bus 0000:18: resource 1 [mem 0xfbe00000-0xfbefffff]
Feb 05 03:07:04 kali kernel: pci_bus 0000:18: resource 2 [mem 0xe6400000-0xe64fffff 64bit pref]
Feb 05 03:07:04 kali kernel: pci_bus 0000:19: resource 1 [mem 0xfba00000-0xfbafffff]
Feb 05 03:07:04 kali kernel: pci_bus 0000:19: resource 2 [mem 0xe6000000-0xe60fffff 64bit pref]
Feb 05 03:07:04 kali kernel: pci_bus 0000:1a: resource 1 [mem 0xfb600000-0xfb6fffff]
Feb 05 03:07:04 kali kernel: pci_bus 0000:1a: resource 2 [mem 0xe5c00000-0xe5cfffff 64bit pref]
Feb 05 03:07:04 kali kernel: pci_bus 0000:1b: resource 0 [io  0x7000-0x7fff]
Feb 05 03:07:04 kali kernel: pci_bus 0000:1b: resource 1 [mem 0xfd100000-0xfd1fffff]
Feb 05 03:07:04 kali kernel: pci_bus 0000:1b: resource 2 [mem 0xe7700000-0xe77fffff 64bit pref]
Feb 05 03:07:04 kali kernel: pci_bus 0000:1c: resource 0 [io  0xb000-0xbfff]
Feb 05 03:07:04 kali kernel: pci_bus 0000:1c: resource 1 [mem 0xfcd00000-0xfcdfffff]
Feb 05 03:07:04 kali kernel: pci_bus 0000:1c: resource 2 [mem 0xe7300000-0xe73fffff 64bit pref]
Feb 05 03:07:04 kali kernel: pci_bus 0000:1d: resource 1 [mem 0xfc900000-0xfc9fffff]
Feb 05 03:07:04 kali kernel: pci_bus 0000:1d: resource 2 [mem 0xe6f00000-0xe6ffffff 64bit pref]
Feb 05 03:07:04 kali kernel: pci_bus 0000:1e: resource 1 [mem 0xfc500000-0xfc5fffff]
Feb 05 03:07:04 kali kernel: pci_bus 0000:1e: resource 2 [mem 0xe6b00000-0xe6bfffff 64bit pref]
Feb 05 03:07:04 kali kernel: pci_bus 0000:1f: resource 1 [mem 0xfc100000-0xfc1fffff]
Feb 05 03:07:04 kali kernel: pci_bus 0000:1f: resource 2 [mem 0xe6700000-0xe67fffff 64bit pref]
Feb 05 03:07:04 kali kernel: pci_bus 0000:20: resource 1 [mem 0xfbd00000-0xfbdfffff]
Feb 05 03:07:04 kali kernel: pci_bus 0000:20: resource 2 [mem 0xe6300000-0xe63fffff 64bit pref]
Feb 05 03:07:04 kali kernel: pci_bus 0000:21: resource 1 [mem 0xfb900000-0xfb9fffff]
Feb 05 03:07:04 kali kernel: pci_bus 0000:21: resource 2 [mem 0xe5f00000-0xe5ffffff 64bit pref]
Feb 05 03:07:04 kali kernel: pci_bus 0000:22: resource 1 [mem 0xfb500000-0xfb5fffff]
Feb 05 03:07:04 kali kernel: pci_bus 0000:22: resource 2 [mem 0xe5b00000-0xe5bfffff 64bit pref]
Feb 05 03:07:04 kali kernel: pci 0000:00:00.0: Limiting direct PCI/PCI transfers
Feb 05 03:07:04 kali kernel: pci 0000:02:01.0: CLS mismatch (32 != 64), using 64 bytes
Feb 05 03:07:04 kali kernel: clocksource: tsc: mask: 0xffffffffffffffff max_cycles: 0x2b298a459c4, max_idle_ns: 440795326359 ns
Feb 05 03:07:04 kali kernel: clocksource: Switched to clocksource tsc
Feb 05 03:07:04 kali kernel: Trying to unpack rootfs image as initramfs...
Feb 05 03:07:04 kali kernel: Initialise system trusted keyrings
Feb 05 03:07:04 kali kernel: Key type blacklist registered
Feb 05 03:07:04 kali kernel: workingset: timestamp_bits=36 max_order=19 bucket_order=0
Feb 05 03:07:04 kali kernel: fuse: init (API version 7.44)
Feb 05 03:07:04 kali kernel: integrity: Platform Keyring initialized
Feb 05 03:07:04 kali kernel: integrity: Machine keyring initialized
Feb 05 03:07:04 kali kernel: Key type asymmetric registered
Feb 05 03:07:04 kali kernel: Asymmetric key parser 'x509' registered
Feb 05 03:07:04 kali kernel: Freeing initrd memory: 201808K
Feb 05 03:07:04 kali kernel: Block layer SCSI generic (bsg) driver version 0.4 loaded (major 246)
Feb 05 03:07:04 kali kernel: io scheduler mq-deadline registered
Feb 05 03:07:04 kali kernel: ledtrig-cpu: registered to indicate activity on CPUs
Feb 05 03:07:04 kali kernel: pcieport 0000:00:15.0: PME: Signaling with IRQ 24
Feb 05 03:07:04 kali kernel: pcieport 0000:00:15.0: pciehp: Slot #160 AttnBtn+ PwrCtrl+ MRL- AttnInd- PwrInd- HotPlug+ Surprise- Interlock- NoCompl+ IbPresDis- LLActRep+
Feb 05 03:07:04 kali kernel: pcieport 0000:00:15.1: PME: Signaling with IRQ 25
Feb 05 03:07:04 kali kernel: pcieport 0000:00:15.1: pciehp: Slot #161 AttnBtn+ PwrCtrl+ MRL- AttnInd- PwrInd- HotPlug+ Surprise- Interlock- NoCompl+ IbPresDis- LLActRep+
Feb 05 03:07:04 kali kernel: pcieport 0000:00:15.2: PME: Signaling with IRQ 26
Feb 05 03:07:04 kali kernel: pcieport 0000:00:15.2: pciehp: Slot #162 AttnBtn+ PwrCtrl+ MRL- AttnInd- PwrInd- HotPlug+ Surprise- Interlock- NoCompl+ IbPresDis- LLActRep+
Feb 05 03:07:04 kali kernel: pcieport 0000:00:15.3: PME: Signaling with IRQ 27
Feb 05 03:07:04 kali kernel: pcieport 0000:00:15.3: pciehp: Slot #163 AttnBtn+ PwrCtrl+ MRL- AttnInd- PwrInd- HotPlug+ Surprise- Interlock- NoCompl+ IbPresDis- LLActRep+
Feb 05 03:07:04 kali kernel: pcieport 0000:00:15.4: PME: Signaling with IRQ 28
Feb 05 03:07:04 kali kernel: pcieport 0000:00:15.4: pciehp: Slot #164 AttnBtn+ PwrCtrl+ MRL- AttnInd- PwrInd- HotPlug+ Surprise- Interlock- NoCompl+ IbPresDis- LLActRep+
Feb 05 03:07:04 kali kernel: pcieport 0000:00:15.5: PME: Signaling with IRQ 29
Feb 05 03:07:04 kali kernel: pcieport 0000:00:15.5: pciehp: Slot #165 AttnBtn+ PwrCtrl+ MRL- AttnInd- PwrInd- HotPlug+ Surprise- Interlock- NoCompl+ IbPresDis- LLActRep+
Feb 05 03:07:04 kali kernel: pcieport 0000:00:15.6: PME: Signaling with IRQ 30
Feb 05 03:07:04 kali kernel: pcieport 0000:00:15.6: pciehp: Slot #166 AttnBtn+ PwrCtrl+ MRL- AttnInd- PwrInd- HotPlug+ Surprise- Interlock- NoCompl+ IbPresDis- LLActRep+
Feb 05 03:07:04 kali kernel: pcieport 0000:00:15.7: PME: Signaling with IRQ 31
Feb 05 03:07:04 kali kernel: pcieport 0000:00:15.7: pciehp: Slot #167 AttnBtn+ PwrCtrl+ MRL- AttnInd- PwrInd- HotPlug+ Surprise- Interlock- NoCompl+ IbPresDis- LLActRep+
Feb 05 03:07:04 kali kernel: pcieport 0000:00:16.0: PME: Signaling with IRQ 32
Feb 05 03:07:04 kali kernel: pcieport 0000:00:16.0: pciehp: Slot #192 AttnBtn+ PwrCtrl+ MRL- AttnInd- PwrInd- HotPlug+ Surprise- Interlock- NoCompl+ IbPresDis- LLActRep+
Feb 05 03:07:04 kali kernel: pcieport 0000:00:16.1: PME: Signaling with IRQ 33
Feb 05 03:07:04 kali kernel: pcieport 0000:00:16.1: pciehp: Slot #193 AttnBtn+ PwrCtrl+ MRL- AttnInd- PwrInd- HotPlug+ Surprise- Interlock- NoCompl+ IbPresDis- LLActRep+
Feb 05 03:07:04 kali kernel: pcieport 0000:00:16.2: PME: Signaling with IRQ 34
Feb 05 03:07:04 kali kernel: pcieport 0000:00:16.2: pciehp: Slot #194 AttnBtn+ PwrCtrl+ MRL- AttnInd- PwrInd- HotPlug+ Surprise- Interlock- NoCompl+ IbPresDis- LLActRep+
Feb 05 03:07:04 kali kernel: pcieport 0000:00:16.3: PME: Signaling with IRQ 35
Feb 05 03:07:04 kali kernel: pcieport 0000:00:16.3: pciehp: Slot #195 AttnBtn+ PwrCtrl+ MRL- AttnInd- PwrInd- HotPlug+ Surprise- Interlock- NoCompl+ IbPresDis- LLActRep+
Feb 05 03:07:04 kali kernel: pcieport 0000:00:16.4: PME: Signaling with IRQ 36
Feb 05 03:07:04 kali kernel: pcieport 0000:00:16.4: pciehp: Slot #196 AttnBtn+ PwrCtrl+ MRL- AttnInd- PwrInd- HotPlug+ Surprise- Interlock- NoCompl+ IbPresDis- LLActRep+
Feb 05 03:07:04 kali kernel: pcieport 0000:00:16.5: PME: Signaling with IRQ 37
Feb 05 03:07:04 kali kernel: pcieport 0000:00:16.5: pciehp: Slot #197 AttnBtn+ PwrCtrl+ MRL- AttnInd- PwrInd- HotPlug+ Surprise- Interlock- NoCompl+ IbPresDis- LLActRep+
Feb 05 03:07:04 kali kernel: pcieport 0000:00:16.6: PME: Signaling with IRQ 38
Feb 05 03:07:04 kali kernel: pcieport 0000:00:16.6: pciehp: Slot #198 AttnBtn+ PwrCtrl+ MRL- AttnInd- PwrInd- HotPlug+ Surprise- Interlock- NoCompl+ IbPresDis- LLActRep+
Feb 05 03:07:04 kali kernel: pcieport 0000:00:16.7: PME: Signaling with IRQ 39
Feb 05 03:07:04 kali kernel: pcieport 0000:00:16.7: pciehp: Slot #199 AttnBtn+ PwrCtrl+ MRL- AttnInd- PwrInd- HotPlug+ Surprise- Interlock- NoCompl+ IbPresDis- LLActRep+
Feb 05 03:07:04 kali kernel: pcieport 0000:00:17.0: PME: Signaling with IRQ 40
Feb 05 03:07:04 kali kernel: pcieport 0000:00:17.0: pciehp: Slot #224 AttnBtn+ PwrCtrl+ MRL- AttnInd- PwrInd- HotPlug+ Surprise- Interlock- NoCompl+ IbPresDis- LLActRep+
Feb 05 03:07:04 kali kernel: pcieport 0000:00:17.1: PME: Signaling with IRQ 41
Feb 05 03:07:04 kali kernel: pcieport 0000:00:17.1: pciehp: Slot #225 AttnBtn+ PwrCtrl+ MRL- AttnInd- PwrInd- HotPlug+ Surprise- Interlock- NoCompl+ IbPresDis- LLActRep+
Feb 05 03:07:04 kali kernel: pcieport 0000:00:17.2: PME: Signaling with IRQ 42
Feb 05 03:07:04 kali kernel: pcieport 0000:00:17.2: pciehp: Slot #226 AttnBtn+ PwrCtrl+ MRL- AttnInd- PwrInd- HotPlug+ Surprise- Interlock- NoCompl+ IbPresDis- LLActRep+
Feb 05 03:07:04 kali kernel: pcieport 0000:00:17.3: PME: Signaling with IRQ 43
Feb 05 03:07:04 kali kernel: pcieport 0000:00:17.3: pciehp: Slot #227 AttnBtn+ PwrCtrl+ MRL- AttnInd- PwrInd- HotPlug+ Surprise- Interlock- NoCompl+ IbPresDis- LLActRep+
Feb 05 03:07:04 kali kernel: pcieport 0000:00:17.4: PME: Signaling with IRQ 44
Feb 05 03:07:04 kali kernel: pcieport 0000:00:17.4: pciehp: Slot #228 AttnBtn+ PwrCtrl+ MRL- AttnInd- PwrInd- HotPlug+ Surprise- Interlock- NoCompl+ IbPresDis- LLActRep+
Feb 05 03:07:04 kali kernel: pcieport 0000:00:17.5: PME: Signaling with IRQ 45
Feb 05 03:07:04 kali kernel: pcieport 0000:00:17.5: pciehp: Slot #229 AttnBtn+ PwrCtrl+ MRL- AttnInd- PwrInd- HotPlug+ Surprise- Interlock- NoCompl+ IbPresDis- LLActRep+
Feb 05 03:07:04 kali kernel: pcieport 0000:00:17.6: PME: Signaling with IRQ 46
Feb 05 03:07:04 kali kernel: pcieport 0000:00:17.6: pciehp: Slot #230 AttnBtn+ PwrCtrl+ MRL- AttnInd- PwrInd- HotPlug+ Surprise- Interlock- NoCompl+ IbPresDis- LLActRep+
Feb 05 03:07:04 kali kernel: pcieport 0000:00:17.7: PME: Signaling with IRQ 47
Feb 05 03:07:04 kali kernel: pcieport 0000:00:17.7: pciehp: Slot #231 AttnBtn+ PwrCtrl+ MRL- AttnInd- PwrInd- HotPlug+ Surprise- Interlock- NoCompl+ IbPresDis- LLActRep+
Feb 05 03:07:04 kali kernel: pcieport 0000:00:18.0: PME: Signaling with IRQ 48
Feb 05 03:07:04 kali kernel: pcieport 0000:00:18.0: pciehp: Slot #256 AttnBtn+ PwrCtrl+ MRL- AttnInd- PwrInd- HotPlug+ Surprise- Interlock- NoCompl+ IbPresDis- LLActRep+
Feb 05 03:07:04 kali kernel: pcieport 0000:00:18.1: PME: Signaling with IRQ 49
Feb 05 03:07:04 kali kernel: pcieport 0000:00:18.1: pciehp: Slot #257 AttnBtn+ PwrCtrl+ MRL- AttnInd- PwrInd- HotPlug+ Surprise- Interlock- NoCompl+ IbPresDis- LLActRep+
Feb 05 03:07:04 kali kernel: pcieport 0000:00:18.2: PME: Signaling with IRQ 50
Feb 05 03:07:04 kali kernel: pcieport 0000:00:18.2: pciehp: Slot #258 AttnBtn+ PwrCtrl+ MRL- AttnInd- PwrInd- HotPlug+ Surprise- Interlock- NoCompl+ IbPresDis- LLActRep+
Feb 05 03:07:04 kali kernel: pcieport 0000:00:18.3: PME: Signaling with IRQ 51
Feb 05 03:07:04 kali kernel: pcieport 0000:00:18.3: pciehp: Slot #259 AttnBtn+ PwrCtrl+ MRL- AttnInd- PwrInd- HotPlug+ Surprise- Interlock- NoCompl+ IbPresDis- LLActRep+
Feb 05 03:07:04 kali kernel: pcieport 0000:00:18.4: PME: Signaling with IRQ 52
Feb 05 03:07:04 kali kernel: pcieport 0000:00:18.4: pciehp: Slot #260 AttnBtn+ PwrCtrl+ MRL- AttnInd- PwrInd- HotPlug+ Surprise- Interlock- NoCompl+ IbPresDis- LLActRep+
Feb 05 03:07:04 kali kernel: pcieport 0000:00:18.5: PME: Signaling with IRQ 53
Feb 05 03:07:04 kali kernel: pcieport 0000:00:18.5: pciehp: Slot #261 AttnBtn+ PwrCtrl+ MRL- AttnInd- PwrInd- HotPlug+ Surprise- Interlock- NoCompl+ IbPresDis- LLActRep+
Feb 05 03:07:04 kali kernel: pcieport 0000:00:18.6: PME: Signaling with IRQ 54
Feb 05 03:07:04 kali kernel: pcieport 0000:00:18.6: pciehp: Slot #262 AttnBtn+ PwrCtrl+ MRL- AttnInd- PwrInd- HotPlug+ Surprise- Interlock- NoCompl+ IbPresDis- LLActRep+
Feb 05 03:07:04 kali kernel: pcieport 0000:00:18.7: PME: Signaling with IRQ 55
Feb 05 03:07:04 kali kernel: pcieport 0000:00:18.7: pciehp: Slot #263 AttnBtn+ PwrCtrl+ MRL- AttnInd- PwrInd- HotPlug+ Surprise- Interlock- NoCompl+ IbPresDis- LLActRep+
Feb 05 03:07:04 kali kernel: Serial: 8250/16550 driver, 4 ports, IRQ sharing enabled
Feb 05 03:07:04 kali kernel: 00:06: ttyS0 at I/O 0x3f8 (irq = 4, base_baud = 115200) is a 16550A
Feb 05 03:07:04 kali kernel: 00:07: ttyS1 at I/O 0x2f8 (irq = 3, base_baud = 115200) is a 16550A
Feb 05 03:07:04 kali kernel: Linux agpgart interface v0.103
Feb 05 03:07:04 kali kernel: agpgart-intel 0000:00:00.0: Intel 440BX Chipset
Feb 05 03:07:04 kali kernel: agpgart-intel 0000:00:00.0: AGP aperture is 256M @ 0x0
Feb 05 03:07:04 kali kernel: i8042: PNP: PS/2 Controller [PNP0303:KBC,PNP0f13:MOUS] at 0x60,0x64 irq 1,12
Feb 05 03:07:04 kali kernel: serio: i8042 KBD port at 0x60,0x64 irq 1
Feb 05 03:07:04 kali kernel: serio: i8042 AUX port at 0x60,0x64 irq 12
Feb 05 03:07:04 kali kernel: mousedev: PS/2 mouse device common for all mice
Feb 05 03:07:04 kali kernel: rtc_cmos 00:01: registered as rtc0
Feb 05 03:07:04 kali kernel: rtc_cmos 00:01: setting system clock to 2026-02-05T08:07:01 UTC (1770278821)
Feb 05 03:07:04 kali kernel: rtc_cmos 00:01: alarms up to one month, y3k, 114 bytes nvram, hpet irqs
Feb 05 03:07:04 kali kernel: amd_pstate: The CPPC feature is supported but currently disabled by the BIOS.
                             Please enable it if your BIOS has the CPPC option.
Feb 05 03:07:04 kali kernel: amd_pstate: the _CPC object is not present in SBIOS or ACPI disabled
Feb 05 03:07:04 kali kernel: NET: Registered PF_INET6 protocol family
Feb 05 03:07:04 kali kernel: input: AT Translated Set 2 keyboard as /devices/platform/i8042/serio0/input/input0
Feb 05 03:07:04 kali kernel: Segment Routing with IPv6
Feb 05 03:07:04 kali kernel: RPL Segment Routing with IPv6
Feb 05 03:07:04 kali kernel: In-situ OAM (IOAM) with IPv6
Feb 05 03:07:04 kali kernel: mip6: Mobile IPv6
Feb 05 03:07:04 kali kernel: NET: Registered PF_PACKET protocol family
Feb 05 03:07:04 kali kernel: mpls_gso: MPLS GSO support
Feb 05 03:07:04 kali kernel: IPI shorthand broadcast: enabled
Feb 05 03:07:04 kali kernel: sched_clock: Marking stable (2580107357, 2832795)->(2585580500, -2640348)
Feb 05 03:07:04 kali kernel: registered taskstats version 1
Feb 05 03:07:04 kali kernel: Loading compiled-in X.509 certificates
Feb 05 03:07:04 kali kernel: Loaded X.509 cert 'Build time autogenerated kernel key: eff60d75a902cfb3cdaa8dc171301a1bb1aacc04'
Feb 05 03:07:04 kali kernel: Demotion targets for Node 0: null
Feb 05 03:07:04 kali kernel: Key type .fscrypt registered
Feb 05 03:07:04 kali kernel: Key type fscrypt-provisioning registered
Feb 05 03:07:04 kali kernel: Key type encrypted registered
Feb 05 03:07:04 kali kernel: AppArmor: AppArmor sha256 policy hashing enabled
Feb 05 03:07:04 kali kernel: ima: No TPM chip found, activating TPM-bypass!
Feb 05 03:07:04 kali kernel: ima: Allocated hash algorithm: sha256
Feb 05 03:07:04 kali kernel: ima: No architecture policies found
Feb 05 03:07:04 kali kernel: evm: Initialising EVM extended attributes:
Feb 05 03:07:04 kali kernel: evm: security.selinux
Feb 05 03:07:04 kali kernel: evm: security.SMACK64 (disabled)
Feb 05 03:07:04 kali kernel: evm: security.SMACK64EXEC (disabled)
Feb 05 03:07:04 kali kernel: evm: security.SMACK64TRANSMUTE (disabled)
Feb 05 03:07:04 kali kernel: evm: security.SMACK64MMAP (disabled)
Feb 05 03:07:04 kali kernel: evm: security.apparmor
Feb 05 03:07:04 kali kernel: evm: security.ima
Feb 05 03:07:04 kali kernel: evm: security.capability
Feb 05 03:07:04 kali kernel: evm: HMAC attrs: 0x1
Feb 05 03:07:04 kali kernel: RAS: Correctable Errors collector initialized.
Feb 05 03:07:04 kali kernel: clk: Disabling unused clocks
Feb 05 03:07:04 kali kernel: PM: genpd: Disabling unused power domains
Feb 05 03:07:04 kali kernel: Freeing unused decrypted memory: 2028K
Feb 05 03:07:04 kali kernel: Freeing unused kernel image (initmem) memory: 4364K
Feb 05 03:07:04 kali kernel: Write protecting the kernel read-only data: 32768k
Feb 05 03:07:04 kali kernel: Freeing unused kernel image (text/rodata gap) memory: 1724K
Feb 05 03:07:04 kali kernel: Freeing unused kernel image (rodata/data gap) memory: 2044K
Feb 05 03:07:04 kali kernel: x86/mm: Checked W+X mappings: passed, no W+X pages found.
Feb 05 03:07:04 kali kernel: Run /init as init process
Feb 05 03:07:04 kali kernel:   with arguments:
Feb 05 03:07:04 kali kernel:     /init
Feb 05 03:07:04 kali kernel:     splash
Feb 05 03:07:04 kali kernel:   with environment:
Feb 05 03:07:04 kali kernel:     HOME=/
Feb 05 03:07:04 kali kernel:     TERM=linux
Feb 05 03:07:04 kali kernel:     BOOT_IMAGE=/boot/vmlinuz-6.16.8+kali-amd64
Feb 05 03:07:04 kali kernel: input: Power Button as /devices/LNXSYSTM:00/LNXPWRBN:00/input/input2
Feb 05 03:07:04 kali kernel: ACPI: battery: Slot [BAT1] (battery present)
Feb 05 03:07:04 kali kernel: ACPI: button: Power Button [PWRF]
Feb 05 03:07:04 kali kernel: SCSI subsystem initialized
Feb 05 03:07:04 kali kernel: ACPI: bus type USB registered
Feb 05 03:07:04 kali kernel: usbcore: registered new interface driver usbfs
Feb 05 03:07:04 kali kernel: usbcore: registered new interface driver hub
Feb 05 03:07:04 kali kernel: usbcore: registered new device driver usb
Feb 05 03:07:04 kali kernel: ehci-pci 0000:02:03.0: EHCI Host Controller
Feb 05 03:07:04 kali kernel: ehci-pci 0000:02:03.0: new USB bus registered, assigned bus number 1
Feb 05 03:07:04 kali kernel: ehci-pci 0000:02:03.0: irq 17, io mem 0xfd5ef000
Feb 05 03:07:04 kali kernel: libata version 3.00 loaded.
Feb 05 03:07:04 kali kernel: ehci-pci 0000:02:03.0: USB 2.0 started, EHCI 1.00
Feb 05 03:07:04 kali kernel: usb usb1: New USB device found, idVendor=1d6b, idProduct=0002, bcdDevice= 6.16
Feb 05 03:07:04 kali kernel: usb usb1: New USB device strings: Mfr=3, Product=2, SerialNumber=1
Feb 05 03:07:04 kali kernel: usb usb1: Product: EHCI Host Controller
Feb 05 03:07:04 kali kernel: usb usb1: Manufacturer: Linux 6.16.8+kali-amd64 ehci_hcd
Feb 05 03:07:04 kali kernel: usb usb1: SerialNumber: 0000:02:03.0
Feb 05 03:07:04 kali kernel: hub 1-0:1.0: USB hub found
Feb 05 03:07:04 kali kernel: hub 1-0:1.0: 6 ports detected
Feb 05 03:07:04 kali kernel: ACPI: bus type drm_connector registered
Feb 05 03:07:04 kali kernel: e1000: Intel(R) PRO/1000 Network Driver
Feb 05 03:07:04 kali kernel: e1000: Copyright (c) 1999-2006 Intel Corporation.
Feb 05 03:07:04 kali kernel: Fusion MPT base driver 3.04.20
Feb 05 03:07:04 kali kernel: Copyright (c) 1999-2008 LSI Corporation
Feb 05 03:07:04 kali kernel: piix4_smbus 0000:00:07.3: SMBus Host Controller not enabled!
Feb 05 03:07:04 kali kernel: uhci_hcd 0000:02:00.0: UHCI Host Controller
Feb 05 03:07:04 kali kernel: uhci_hcd 0000:02:00.0: new USB bus registered, assigned bus number 2
Feb 05 03:07:04 kali kernel: scsi host0: ata_piix
Feb 05 03:07:04 kali kernel: uhci_hcd 0000:02:00.0: detected 2 ports
Feb 05 03:07:04 kali kernel: uhci_hcd 0000:02:00.0: irq 18, io port 0x00002080
Feb 05 03:07:04 kali kernel: usb usb2: New USB device found, idVendor=1d6b, idProduct=0001, bcdDevice= 6.16
Feb 05 03:07:04 kali kernel: usb usb2: New USB device strings: Mfr=3, Product=2, SerialNumber=1
Feb 05 03:07:04 kali kernel: usb usb2: Product: UHCI Host Controller
Feb 05 03:07:04 kali kernel: usb usb2: Manufacturer: Linux 6.16.8+kali-amd64 uhci_hcd
Feb 05 03:07:04 kali kernel: usb usb2: SerialNumber: 0000:02:00.0
Feb 05 03:07:04 kali kernel: scsi host1: ata_piix
Feb 05 03:07:04 kali kernel: ata1: PATA max UDMA/33 cmd 0x1f0 ctl 0x3f6 bmdma 0x1060 irq 14 lpm-pol 0
Feb 05 03:07:04 kali kernel: ata2: PATA max UDMA/33 cmd 0x170 ctl 0x376 bmdma 0x1068 irq 15 lpm-pol 0
Feb 05 03:07:04 kali kernel: hub 2-0:1.0: USB hub found
Feb 05 03:07:04 kali kernel: hub 2-0:1.0: 2 ports detected
Feb 05 03:07:04 kali kernel: FDC 0 is a post-1991 82077
Feb 05 03:07:04 kali kernel: Fusion MPT SPI Host driver 3.04.20
Feb 05 03:07:04 kali kernel: mptbase: ioc0: Initiating bringup
Feb 05 03:07:04 kali kernel: input: VirtualPS/2 VMware VMMouse as /devices/platform/i8042/serio1/input/input4
Feb 05 03:07:04 kali kernel: input: VirtualPS/2 VMware VMMouse as /devices/platform/i8042/serio1/input/input3
Feb 05 03:07:04 kali kernel: usb 2-1: new full-speed USB device number 2 using uhci_hcd
Feb 05 03:07:04 kali kernel: vmwgfx 0000:00:0f.0: vgaarb: deactivate vga console
Feb 05 03:07:04 kali kernel: Console: switching to colour dummy device 80x25
Feb 05 03:07:04 kali kernel: vmwgfx 0000:00:0f.0: [drm] FIFO at 0x00000000fe000000 size is 8192 KiB
Feb 05 03:07:04 kali kernel: vmwgfx 0000:00:0f.0: [drm] VRAM at 0x00000000e8000000 size is 131072 KiB
Feb 05 03:07:04 kali kernel: vmwgfx 0000:00:0f.0: [drm] Running on SVGA version 2.
Feb 05 03:07:04 kali kernel: vmwgfx 0000:00:0f.0: [drm] Capabilities: rect copy, cursor, cursor bypass, cursor bypass 2, 8bit emulation, alpha cursor, extended fifo, multimon, pitchlock, irq mask, display topology, gmr, traces, gmr2, screen object 2, 
Feb 05 03:07:04 kali kernel: vmwgfx 0000:00:0f.0: [drm] DMA map mode: Caching DMA mappings.
Feb 05 03:07:04 kali kernel: vmwgfx 0000:00:0f.0: [drm] Legacy memory limits: VRAM = 131072 KiB, FIFO = 2048 KiB, surface = 786432 KiB
Feb 05 03:07:04 kali kernel: vmwgfx 0000:00:0f.0: [drm] MOB limits: max mob size = 0 KiB, max mob pages = 0
Feb 05 03:07:04 kali kernel: vmwgfx 0000:00:0f.0: [drm] Max GMR ids is 64
Feb 05 03:07:04 kali kernel: vmwgfx 0000:00:0f.0: [drm] Max number of GMR pages is 196608
Feb 05 03:07:04 kali kernel: vmwgfx 0000:00:0f.0: [drm] Maximum display memory size is 131072 KiB
Feb 05 03:07:04 kali kernel: vmwgfx 0000:00:0f.0: [drm] Screen Object display unit initialized
Feb 05 03:07:04 kali kernel: ioc0: LSI53C1030 B0: Capabilities={Initiator}
Feb 05 03:07:04 kali kernel: vmwgfx 0000:00:0f.0: [drm] Fifo max 0x00200000 min 0x00001000 cap 0x0000077f
Feb 05 03:07:04 kali kernel: vmwgfx 0000:00:0f.0: [drm] Available shader model: Legacy.
Feb 05 03:07:04 kali kernel: [drm] Initialized vmwgfx 2.21.0 for 0000:00:0f.0 on minor 0
Feb 05 03:07:04 kali kernel: fbcon: vmwgfxdrmfb (fb0) is primary device
Feb 05 03:07:04 kali kernel: Console: switching to colour frame buffer device 160x50
Feb 05 03:07:04 kali kernel: vmwgfx 0000:00:0f.0: [drm] fb0: vmwgfxdrmfb frame buffer device
Feb 05 03:07:04 kali kernel: e1000 0000:02:01.0 eth0: (PCI:66MHz:32-bit) 00:0c:29:9f:1a:3f
Feb 05 03:07:04 kali kernel: e1000 0000:02:01.0 eth0: Intel(R) PRO/1000 Network Connection
Feb 05 03:07:04 kali kernel: usb 2-1: New USB device found, idVendor=0e0f, idProduct=0003, bcdDevice= 1.02
Feb 05 03:07:04 kali kernel: usb 2-1: New USB device strings: Mfr=1, Product=2, SerialNumber=0
Feb 05 03:07:04 kali kernel: usb 2-1: Product: VMware Virtual USB Mouse
Feb 05 03:07:04 kali kernel: usb 2-1: Manufacturer: VMware
Feb 05 03:07:04 kali kernel: scsi host2: ioc0: LSI53C1030 B0, FwRev=01032920h, Ports=1, MaxQ=128, IRQ=17
Feb 05 03:07:04 kali kernel: usb 2-2: new full-speed USB device number 3 using uhci_hcd
Feb 05 03:07:04 kali kernel: scsi 2:0:0:0: Direct-Access     VMware,  VMware Virtual S 1.0  PQ: 0 ANSI: 2
Feb 05 03:07:04 kali kernel: scsi target2:0:0: Beginning Domain Validation
Feb 05 03:07:04 kali kernel: scsi target2:0:0: Domain Validation skipping write tests
Feb 05 03:07:04 kali kernel: scsi target2:0:0: Ending Domain Validation
Feb 05 03:07:04 kali kernel: scsi target2:0:0: FAST-40 WIDE SCSI 80.0 MB/s ST (25 ns, offset 127)
